<html>
<body>
<pre>
<h1>µVision Build Log</h1>
<h2>Tool Versions:</h2>
IDE-Version: µVision V5.30.0.0
Copyright (C) 2020 ARM Ltd and ARM Germany GmbH. All rights reserved.
License Information: Vasily Yarynich, BMSTU, LIC=----
 
Tool Versions:
Toolchain:       MDK-Lite  Version: 5.30.0.0
Toolchain Path:  D:\Program Files\MDK-ARM\ARM\ARMCC\Bin
C Compiler:      Armcc.exe V5.06 update 6 (build 750)
Assembler:       Armasm.exe V5.06 update 6 (build 750)
Linker/Locator:  ArmLink.exe V5.06 update 6 (build 750)
Library Manager: ArmAr.exe V5.06 update 6 (build 750)
Hex Converter:   FromElf.exe V5.06 update 6 (build 750)
CPU DLL:         SARMCM3.DLL V5.30.0.0
Dialog DLL:      DCM.DLL V1.17.3.0
Target DLL:      Segger\JL2CM3.dll V2.99.38.0
Dialog DLL:      TCM.DLL V1.42.0.0
 
<h2>Project:</h2>
D:\Program Files\NordicProj\VGM_MEMS\vgm.uvprojx
Project File Date:  02/10/2021

<h2>Output:</h2>
*** Using Compiler 'V5.06 update 6 (build 750)', folder: 'D:\Program Files\MDK-ARM\ARM\ARMCC\Bin'
Rebuild target 'Target 1'
compiling main.c...
compiling timer.c...
compiling gpio.c...
compiling radio.c...
compiling uart.c...
compiling spi.c...
assembling arm_startup_nrf52.s...
compiling adc.c...
compiling nrf_saadc.c...
compiling system_nrf52.c...
compiling app_error.c...
compiling nrf_assert.c...
linking...
Program Size: Code=6272 RO-data=544 RW-data=92 ZI-data=9636  
FromELF: creating hex file...
".\Objects\vgm.axf" - 0 Error(s), 0 Warning(s).

<h2>Software Packages used:</h2>

Package Vendor: ARM
                http://www.keil.com/pack/ARM.CMSIS.5.7.0.pack
                ARM.CMSIS.5.7.0
                CMSIS (Cortex Microcontroller Software Interface Standard)
   * Component: CORE Version: 5.4.0

Package Vendor: NordicSemiconductor
                http://developer.nordicsemi.com/nRF5_SDK/pieces/nRF_DeviceFamilyPack/NordicSemiconductor.nRF_DeviceFamilyPack.8.38.0.pack
                NordicSemiconductor.nRF_DeviceFamilyPack.8.38.0
                Nordic Semiconductor nRF ARM devices Device Family Pack with BSD license.
   * Component: Startup Version: 8.38.0
   * Component: StartupConfig Version: 8.38.0

Package Vendor: NordicSemiconductor
                http://developer.nordicsemi.com/nRF51_SDK/pieces/nRF_Drivers/NordicSemiconductor.nRF_Drivers.4.0.0-2.alpha.pack
                NordicSemiconductor.nRF_Drivers.4.0.0-2.alpha
                Drivers for Nordic Semiconductor nRF family.
   * Component: nrf_error Variant: No_softdevice Version: 4.0.0-2.alpha
   * Component: nrf_gpio Version: 4.0.0-2.alpha
   * Component: nrf_saadc Version: 4.0.0-2.alpha
   * Component: nrf_spi Version: 4.0.0-2.alpha
   * Component: nrf_timer Version: 4.0.0-2.alpha
   * Component: nrf_uart Version: 4.0.0-2.alpha

Package Vendor: NordicSemiconductor
                http://developer.nordicsemi.com/nRF51_SDK/pieces/nRF_Libraries/NordicSemiconductor.nRF_Libraries.4.0.0-2.alpha.pack
                NordicSemiconductor.nRF_Libraries.4.0.0-2.alpha
                Software modules for Nordic Semiconductor nRF family.
   * Component: app_error Version: 4.0.0-2.alpha
   * Component: nrf_assert Version: 4.0.0-2.alpha

<h2>Collection of Component include folders:</h2>
  .\RTE\Device\nRF52832_xxAA
  .\RTE\_Target_1
  .\RTE\nRF_Libraries\nRF52832_xxAA
  D:\Program Files\MDK-ARM\Pack\ARM\CMSIS\5.7.0\CMSIS\Core\Include
  D:\Program Files\MDK-ARM\Pack\NordicSemiconductor\nRF_DeviceFamilyPack\8.38.0\Device\Include
  D:\Program Files\MDK-ARM\Pack\NordicSemiconductor\nRF_Drivers\4.0.0-2.alpha\hal
  D:\Program Files\MDK-ARM\Pack\NordicSemiconductor\nRF_Drivers\4.0.0-2.alpha\nrf_soc_nosd
  D:\Program Files\MDK-ARM\Pack\NordicSemiconductor\nRF_Libraries\4.0.0-2.alpha\util

<h2>Collection of Component Files used:</h2>

   * Component: ARM::CMSIS:CORE:5.4.0

   * Component: NordicSemiconductor::Device:Startup:8.38.0
      Source file:   Device\Source\arm\arm_startup_nrf52.s
      Source file:   Device\Source\system_nrf52.c
      Include file:  Device\Include\system_nrf.h
      Include file:  Device\Include\system_nrf52.h

   * Component: NordicSemiconductor::Device:StartupConfig:8.38.0
      Include file:  Device\Source\startup_config.h

   * Component: NordicSemiconductor::nRF_Drivers:nrf_error:No_softdevice:4.0.0-2.alpha

   * Component: NordicSemiconductor::nRF_Drivers:nrf_gpio:4.0.0-2.alpha
      Include file:  hal\nrf_gpio.h

   * Component: NordicSemiconductor::nRF_Drivers:nrf_saadc:4.0.0-2.alpha
      Include file:  hal\nrf_saadc.h
      Source file:   hal\nrf_saadc.c

   * Component: NordicSemiconductor::nRF_Drivers:nrf_spi:4.0.0-2.alpha
      Include file:  hal\nrf_spi.h

   * Component: NordicSemiconductor::nRF_Drivers:nrf_timer:4.0.0-2.alpha
      Include file:  hal\nrf_timer.h

   * Component: NordicSemiconductor::nRF_Drivers:nrf_uart:4.0.0-2.alpha
      Include file:  hal\nrf_uart.h

   * Component: NordicSemiconductor::nRF_Libraries:app_error:4.0.0-2.alpha
      Include file:  util\app_error.h
      Source file:   util\app_error.c

   * Component: NordicSemiconductor::nRF_Libraries:nrf_assert:4.0.0-2.alpha
      Source file:   util\nrf_assert.c
      Include file:  util\nrf_assert.h
Build Time Elapsed:  00:00:08
</pre>
</body>
</html>
