Component: ARM Compiler 5.06 update 6 (build 750) Tool: armlink [4d35ed]

==============================================================================

Section Cross References

    main.o(i.main) refers to main.o(i.ClockInitialization) for ClockInitialization
    main.o(i.main) refers to uart.o(i.UART0Init) for UART0Init
    main.o(i.main) refers to gpio.o(i.GPIOInit) for GPIOInit
    main.o(i.main) refers to uart.o(i.AvailableUARTData) for AvailableUARTData
    main.o(i.main) refers to main.o(i.nrf_gpio_pin_write) for nrf_gpio_pin_write
    main.o(i.main) refers to main.o(i.nrf_gpio_pin_read) for nrf_gpio_pin_read
    main.o(i.main) refers to uart.o(i.TransmitUART) for TransmitUART
    main.o(i.main) refers to uart.o(i.GetWritePosition) for GetWritePosition
    main.o(i.main) refers to uart.o(i.ReadUART) for ReadUART
    main.o(i.main) refers to main.o(.data) for state
    main.o(i.main) refers to main.o(.bss) for cr_0
    main.o(i.main) refers to uart.o(i.ClearRxBuffer) for ClearRxBuffer
    main.o(i.main) refers to rt_memclr.o(.text) for __aeabi_memclr
    gpio.o(i.GPIOInit) refers to gpio.o(i.nrf_gpio_cfg) for nrf_gpio_cfg
    timer.o(i.TIMER0_IRQHandler) refers to timer.o(i.nrf_timer_event_clear) for nrf_timer_event_clear
    timer.o(i.TIMER0_IRQHandler) refers to timer.o(.data) for timerFlag
    timer.o(i.Timer0Init) refers to timer.o(i.nrf_timer_event_clear) for nrf_timer_event_clear
    radio.o(i.GenerateModulatedRfPacket) refers to radio.o(i.rnd8) for rnd8
    radio.o(i.GenerateModulatedRfPacket) refers to radio.o(i.rnd32) for rnd32
    radio.o(i.GenerateModulatedRfPacket) refers to radio.o(.bss) for packet
    radio.o(i.IsRxDataEnable) refers to radio.o(.data) for RxEnableData
    radio.o(i.RADIO_IRQHandler) refers to radio.o(.data) for TxBusyState
    radio.o(i.RadioInit) refers to radio.o(i.swap_bits) for swap_bits
    radio.o(i.RadioInit) refers to radio.o(i.bytewise_bitswap) for bytewise_bitswap
    radio.o(i.RadioInit) refers to radio.o(i.__NVIC_SetPriority) for __NVIC_SetPriority
    radio.o(i.RadioInit) refers to radio.o(i.__NVIC_ClearPendingIRQ) for __NVIC_ClearPendingIRQ
    radio.o(i.RadioInit) refers to radio.o(i.__NVIC_EnableIRQ) for __NVIC_EnableIRQ
    radio.o(i.RadioModulatedTxCarrier) refers to radio.o(i.RadioDisable) for RadioDisable
    radio.o(i.RadioModulatedTxCarrier) refers to radio.o(i.GenerateModulatedRfPacket) for GenerateModulatedRfPacket
    radio.o(i.RadioRxCarrier) refers to radio.o(i.RadioDisable) for RadioDisable
    radio.o(i.RadioRxSweepStart) refers to radio.o(i.Timer1Init) for Timer1Init
    radio.o(i.RadioRxSweepStart) refers to radio.o(.data) for mode_
    radio.o(i.RadioSweepEnd) refers to radio.o(i.RadioDisable) for RadioDisable
    radio.o(i.RadioTxCarrier) refers to radio.o(i.RadioDisable) for RadioDisable
    radio.o(i.RadioTxSweepStart) refers to radio.o(i.Timer1Init) for Timer1Init
    radio.o(i.RadioTxSweepStart) refers to radio.o(.data) for txpower_
    radio.o(i.RfReadPacket) refers to radio.o(.data) for RxBusyState
    radio.o(i.RfSendPacket) refers to radio.o(.data) for TxBusyState
    radio.o(i.TIMER1_IRQHandler) refers to radio.o(i.RadioTxCarrier) for RadioTxCarrier
    radio.o(i.TIMER1_IRQHandler) refers to radio.o(i.RadioRxCarrier) for RadioRxCarrier
    radio.o(i.TIMER1_IRQHandler) refers to radio.o(.data) for sweep_tx_
    radio.o(i.Timer1Init) refers to radio.o(i.__NVIC_SetPriority) for __NVIC_SetPriority
    radio.o(i.Timer1Init) refers to radio.o(i.__NVIC_ClearPendingIRQ) for __NVIC_ClearPendingIRQ
    radio.o(i.Timer1Init) refers to radio.o(i.__NVIC_EnableIRQ) for __NVIC_EnableIRQ
    radio.o(i.bytewise_bitswap) refers to radio.o(i.swap_bits) for swap_bits
    radio.o(i.rnd32) refers to radio.o(i.rnd8) for rnd8
    uart.o(i.AvailableUARTData) refers to uart.o(.bss) for rxFIFO
    uart.o(i.ClearRxBuffer) refers to uart.o(.bss) for rxFIFO
    uart.o(i.GetReadPosition) refers to uart.o(.bss) for rxFIFO
    uart.o(i.GetWritePosition) refers to uart.o(.bss) for rxFIFO
    uart.o(i.ReadUART) refers to uart.o(.bss) for rxFIFO
    uart.o(i.TransmitUART) refers to uart.o(i.nrf_uart_txd_set) for nrf_uart_txd_set
    uart.o(i.TransmitUART) refers to uart.o(.bss) for txFIFO
    uart.o(i.TransmitUART) refers to uart.o(.data) for txState
    uart.o(i.UART0Init) refers to uart.o(i.nrf_gpio_cfg) for nrf_gpio_cfg
    uart.o(i.UART0Init) refers to uart.o(i.nrf_uart_event_clear) for nrf_uart_event_clear
    uart.o(i.UART0Init) refers to uart.o(i.nrf_uart_task_trigger) for nrf_uart_task_trigger
    uart.o(i.UARTE0_UART0_IRQHandler) refers to uart.o(i.nrf_uart_event_check) for nrf_uart_event_check
    uart.o(i.UARTE0_UART0_IRQHandler) refers to uart.o(i.nrf_uart_event_clear) for nrf_uart_event_clear
    uart.o(i.UARTE0_UART0_IRQHandler) refers to uart.o(i.nrf_uart_txd_set) for nrf_uart_txd_set
    uart.o(i.UARTE0_UART0_IRQHandler) refers to uart.o(.bss) for rxFIFO
    uart.o(i.UARTE0_UART0_IRQHandler) refers to uart.o(.data) for txState
[...]
    Removing gpio.o(i.nrf52_errata_43), (64 bytes).
    Removing gpio.o(i.nrf52_errata_44), (64 bytes).
    Removing gpio.o(i.nrf52_errata_46), (64 bytes).
    Removing gpio.o(i.nrf52_errata_47), (64 bytes).
    Removing gpio.o(i.nrf52_errata_48), (64 bytes).
    Removing gpio.o(i.nrf52_errata_49), (64 bytes).
    Removing gpio.o(i.nrf52_errata_51), (92 bytes).
    Removing gpio.o(i.nrf52_errata_54), (92 bytes).
    Removing gpio.o(i.nrf52_errata_55), (92 bytes).
    Removing gpio.o(i.nrf52_errata_57), (64 bytes).
    Removing gpio.o(i.nrf52_errata_58), (92 bytes).
    Removing gpio.o(i.nrf52_errata_62), (64 bytes).
    Removing gpio.o(i.nrf52_errata_63), (64 bytes).
    Removing gpio.o(i.nrf52_errata_64), (92 bytes).
    Removing gpio.o(i.nrf52_errata_65), (64 bytes).
    Removing gpio.o(i.nrf52_errata_66), (92 bytes).
    Removing gpio.o(i.nrf52_errata_67), (92 bytes).
    Removing gpio.o(i.nrf52_errata_68), (92 bytes).
    Removing gpio.o(i.nrf52_errata_7), (64 bytes).
    Removing gpio.o(i.nrf52_errata_70), (64 bytes).
    Removing gpio.o(i.nrf52_errata_71), (64 bytes).
    Removing gpio.o(i.nrf52_errata_72), (92 bytes).
    Removing gpio.o(i.nrf52_errata_73), (64 bytes).
    Removing gpio.o(i.nrf52_errata_74), (92 bytes).
    Removing gpio.o(i.nrf52_errata_75), (92 bytes).
    Removing gpio.o(i.nrf52_errata_76), (92 bytes).
    Removing gpio.o(i.nrf52_errata_77), (92 bytes).
    Removing gpio.o(i.nrf52_errata_78), (92 bytes).
    Removing gpio.o(i.nrf52_errata_79), (92 bytes).
    Removing gpio.o(i.nrf52_errata_8), (64 bytes).
    Removing gpio.o(i.nrf52_errata_81), (92 bytes).
    Removing gpio.o(i.nrf52_errata_83), (92 bytes).
    Removing gpio.o(i.nrf52_errata_84), (92 bytes).
    Removing gpio.o(i.nrf52_errata_86), (92 bytes).
    Removing gpio.o(i.nrf52_errata_87), (92 bytes).
    Removing gpio.o(i.nrf52_errata_88), (92 bytes).
    Removing gpio.o(i.nrf52_errata_89), (92 bytes).
    Removing gpio.o(i.nrf52_errata_9), (64 bytes).
    Removing gpio.o(i.nrf52_errata_91), (92 bytes).
    Removing gpio.o(i.nrf52_errata_94), (4 bytes).
    Removing gpio.o(i.nrf52_errata_96), (4 bytes).
    Removing gpio.o(i.nrf52_errata_97), (92 bytes).
    Removing gpio.o(i.nrf52_errata_98), (4 bytes).
    Removing gpio.o(i.nrf53_errata_1), (4 bytes).
    Removing gpio.o(i.nrf53_errata_10), (4 bytes).
    Removing gpio.o(i.nrf53_errata_103), (4 bytes).
    Removing gpio.o(i.nrf53_errata_105), (4 bytes).
    Removing gpio.o(i.nrf53_errata_106), (4 bytes).
    Removing gpio.o(i.nrf53_errata_107), (4 bytes).
    Removing gpio.o(i.nrf53_errata_109), (4 bytes).
    Removing gpio.o(i.nrf53_errata_11), (4 bytes).
    Removing gpio.o(i.nrf53_errata_110), (4 bytes).
    Removing gpio.o(i.nrf53_errata_112), (4 bytes).
    Removing gpio.o(i.nrf53_errata_113), (4 bytes).
    Removing gpio.o(i.nrf53_errata_114), (4 bytes).
    Removing gpio.o(i.nrf53_errata_115), (4 bytes).
    Removing gpio.o(i.nrf53_errata_116), (4 bytes).
    Removing gpio.o(i.nrf53_errata_117), (4 bytes).
    Removing gpio.o(i.nrf53_errata_119), (4 bytes).
    Removing gpio.o(i.nrf53_errata_12), (4 bytes).
    Removing gpio.o(i.nrf53_errata_121), (4 bytes).
    Removing gpio.o(i.nrf53_errata_122), (4 bytes).
    Removing gpio.o(i.nrf53_errata_13), (4 bytes).
    Removing gpio.o(i.nrf53_errata_14), (4 bytes).
    Removing gpio.o(i.nrf53_errata_15), (4 bytes).
    Removing gpio.o(i.nrf53_errata_16), (4 bytes).
    Removing gpio.o(i.nrf53_errata_18), (4 bytes).
    Removing gpio.o(i.nrf53_errata_19), (4 bytes).
    Removing gpio.o(i.nrf53_errata_2), (4 bytes).
    Removing gpio.o(i.nrf53_errata_20), (4 bytes).
    Removing gpio.o(i.nrf53_errata_21), (4 bytes).
    Removing gpio.o(i.nrf53_errata_22), (4 bytes).
    Removing gpio.o(i.nrf53_errata_23), (4 bytes).
    Removing gpio.o(i.nrf53_errata_26), (4 bytes).
    Removing gpio.o(i.nrf53_errata_27), (4 bytes).
    Removing gpio.o(i.nrf53_errata_28), (4 bytes).
    Removing gpio.o(i.nrf53_errata_29), (4 bytes).
    Removing gpio.o(i.nrf53_errata_3), (4 bytes).
    Removing gpio.o(i.nrf53_errata_30), (4 bytes).
    Removing gpio.o(i.nrf53_errata_31), (4 bytes).
    Removing gpio.o(i.nrf53_errata_32), (4 bytes).
    Removing gpio.o(i.nrf53_errata_33), (4 bytes).
    Removing gpio.o(i.nrf53_errata_34), (4 bytes).
    Removing gpio.o(i.nrf53_errata_36), (4 bytes).
    Removing gpio.o(i.nrf53_errata_37), (4 bytes).
    Removing gpio.o(i.nrf53_errata_4), (4 bytes).
    Removing gpio.o(i.nrf53_errata_42), (4 bytes).
    Removing gpio.o(i.nrf53_errata_43), (4 bytes).
    Removing gpio.o(i.nrf53_errata_44), (4 bytes).
    Removing gpio.o(i.nrf53_errata_45), (4 bytes).
    Removing gpio.o(i.nrf53_errata_46), (4 bytes).
    Removing gpio.o(i.nrf53_errata_47), (4 bytes).
    Removing gpio.o(i.nrf53_errata_49), (4 bytes).
    Removing gpio.o(i.nrf53_errata_5), (4 bytes).
    Removing gpio.o(i.nrf53_errata_50), (4 bytes).
    Removing gpio.o(i.nrf53_errata_51), (4 bytes).
    Removing gpio.o(i.nrf53_errata_52), (4 bytes).
    Removing gpio.o(i.nrf53_errata_53), (4 bytes).
    Removing gpio.o(i.nrf53_errata_54), (4 bytes).
    Removing gpio.o(i.nrf53_errata_55), (4 bytes).
    Removing gpio.o(i.nrf53_errata_57), (4 bytes).
    Removing gpio.o(i.nrf53_errata_58), (4 bytes).
    Removing gpio.o(i.nrf53_errata_59), (4 bytes).
    Removing gpio.o(i.nrf53_errata_6), (4 bytes).
    Removing gpio.o(i.nrf53_errata_62), (4 bytes).
    Removing gpio.o(i.nrf53_errata_64), (4 bytes).
    Removing gpio.o(i.nrf53_errata_65), (4 bytes).
    Removing gpio.o(i.nrf53_errata_66), (4 bytes).
    Removing gpio.o(i.nrf53_errata_67), (4 bytes).
    Removing gpio.o(i.nrf53_errata_69), (4 bytes).
    Removing gpio.o(i.nrf53_errata_7), (4 bytes).
    Removing gpio.o(i.nrf53_errata_70), (4 bytes).
    Removing gpio.o(i.nrf53_errata_71), (4 bytes).
    Removing gpio.o(i.nrf53_errata_72), (4 bytes).
    Removing gpio.o(i.nrf53_errata_73), (4 bytes).
    Removing gpio.o(i.nrf53_errata_74), (4 bytes).
    Removing gpio.o(i.nrf53_errata_75), (4 bytes).
    Removing gpio.o(i.nrf53_errata_76), (4 bytes).
    Removing gpio.o(i.nrf53_errata_77), (4 bytes).
    Removing gpio.o(i.nrf53_errata_79), (4 bytes).
    Removing gpio.o(i.nrf53_errata_8), (4 bytes).
    Removing gpio.o(i.nrf53_errata_80), (4 bytes).
    Removing gpio.o(i.nrf53_errata_81), (4 bytes).
    Removing gpio.o(i.nrf53_errata_82), (4 bytes).
    Removing gpio.o(i.nrf53_errata_83), (4 bytes).
    Removing gpio.o(i.nrf53_errata_84), (4 bytes).
    Removing gpio.o(i.nrf53_errata_85), (4 bytes).
    Removing gpio.o(i.nrf53_errata_86), (4 bytes).
    Removing gpio.o(i.nrf53_errata_87), (4 bytes).
    Removing gpio.o(i.nrf53_errata_9), (4 bytes).
    Removing gpio.o(i.nrf53_errata_90), (4 bytes).
    Removing gpio.o(i.nrf53_errata_91), (4 bytes).
    Removing gpio.o(i.nrf53_errata_93), (4 bytes).
    Removing gpio.o(i.nrf53_errata_95), (4 bytes).
    Removing gpio.o(i.nrf53_errata_97), (4 bytes).
    Removing gpio.o(i.nrf53_errata_99), (4 bytes).
    Removing gpio.o(i.nrf91_errata_1), (4 bytes).
    Removing gpio.o(i.nrf91_errata_10), (4 bytes).
    Removing gpio.o(i.nrf91_errata_12), (4 bytes).
    Removing gpio.o(i.nrf91_errata_14), (4 bytes).
    Removing gpio.o(i.nrf91_errata_15), (4 bytes).
    Removing gpio.o(i.nrf91_errata_16), (4 bytes).
    Removing gpio.o(i.nrf91_errata_17), (4 bytes).
    Removing gpio.o(i.nrf91_errata_2), (4 bytes).
    Removing gpio.o(i.nrf91_errata_20), (4 bytes).
    Removing gpio.o(i.nrf91_errata_21), (4 bytes).
    Removing gpio.o(i.nrf91_errata_23), (4 bytes).
    Removing gpio.o(i.nrf91_errata_24), (4 bytes).
    Removing gpio.o(i.nrf91_errata_26), (4 bytes).
    Removing gpio.o(i.nrf91_errata_27), (4 bytes).
    Removing gpio.o(i.nrf91_errata_28), (4 bytes).
    Removing gpio.o(i.nrf91_errata_29), (4 bytes).
    Removing gpio.o(i.nrf91_errata_30), (4 bytes).
    Removing gpio.o(i.nrf91_errata_31), (4 bytes).
    Removing gpio.o(i.nrf91_errata_32), (4 bytes).
    Removing gpio.o(i.nrf91_errata_33), (4 bytes).
    Removing gpio.o(i.nrf91_errata_4), (4 bytes).
    Removing gpio.o(i.nrf91_errata_6), (4 bytes).
    Removing gpio.o(i.nrf91_errata_7), (4 bytes).
    Removing gpio.o(i.nrf91_errata_8), (4 bytes).
    Removing gpio.o(i.nrf91_errata_9), (4 bytes).
    Removing timer.o(.rev16_text), (4 bytes).
    Removing timer.o(.revsh_text), (4 bytes).
    Removing timer.o(.rrx_text), (6 bytes).
    Removing timer.o(i.Timer0Init), (264 bytes).
    Removing radio.o(.rev16_text), (4 bytes).
    Removing radio.o(.revsh_text), (4 bytes).
    Removing radio.o(.rrx_text), (6 bytes).
    Removing radio.o(i.GenerateModulatedRfPacket), (92 bytes).
    Removing radio.o(i.IsRxDataEnable), (44 bytes).
    Removing radio.o(i.RadioInit), (268 bytes).
    Removing radio.o(i.RadioModulatedTxCarrier), (56 bytes).
    Removing radio.o(i.RadioRxSweepStart), (64 bytes).
    Removing radio.o(i.RadioSweepEnd), (20 bytes).
    Removing radio.o(i.RadioTxSweepStart), (76 bytes).
    Removing radio.o(i.RfReadPacket), (68 bytes).
    Removing radio.o(i.RfSendPacket), (68 bytes).
    Removing radio.o(i.Timer1Init), (96 bytes).
    Removing radio.o(i.__NVIC_ClearPendingIRQ), (28 bytes).
    Removing radio.o(i.__NVIC_EnableIRQ), (34 bytes).
    Removing radio.o(i.__NVIC_SetPriority), (40 bytes).
    Removing radio.o(i.bytewise_bitswap), (42 bytes).
    Removing radio.o(i.rnd32), (28 bytes).
    Removing radio.o(i.rnd8), (32 bytes).
    Removing radio.o(i.swap_bits), (36 bytes).
    Removing radio.o(.bss), (256 bytes).
    Removing uart.o(.rev16_text), (4 bytes).
    Removing uart.o(.revsh_text), (4 bytes).
    Removing uart.o(.rrx_text), (6 bytes).
    Removing uart.o(i.GetReadPosition), (12 bytes).
    Removing spi.o(.rev16_text), (4 bytes).
    Removing spi.o(.revsh_text), (4 bytes).
    Removing spi.o(.rrx_text), (6 bytes).
    Removing spi.o(i.SPI0Init), (200 bytes).
    Removing spi.o(i.TransferSPI), (136 bytes).
    Removing spi.o(i.nrf_gpio_cfg), (36 bytes).
    Removing spi.o(i.nrf_gpio_cfg_output), (24 bytes).
    Removing spi.o(i.nrf_gpio_pin_clear), (16 bytes).
    Removing spi.o(i.nrf_gpio_pin_set), (16 bytes).
    Removing spi.o(i.nrf_spi_event_check), (14 bytes).
    Removing spi.o(i.nrf_spi_event_clear), (6 bytes).
    Removing spi.o(i.nrf_spi_txd_set), (6 bytes).
    Removing adc.o(.rev16_text), (4 bytes).
    Removing adc.o(.revsh_text), (4 bytes).
    Removing adc.o(.rrx_text), (6 bytes).
    Removing adc.o(i.SAADCInit), (236 bytes).
    Removing adc.o(.constdata), (8 bytes).
    Removing system_nrf52.o(.rev16_text), (4 bytes).
    Removing system_nrf52.o(.revsh_text), (4 bytes).
    Removing system_nrf52.o(.rrx_text), (6 bytes).
    Removing system_nrf52.o(i.nrf51_errata_1), (4 bytes).
    Removing system_nrf52.o(i.nrf51_errata_10), (4 bytes).
    Removing system_nrf52.o(i.nrf51_errata_11), (4 bytes).
    Removing system_nrf52.o(i.nrf51_errata_12), (4 bytes).
    Removing system_nrf52.o(i.nrf51_errata_13), (4 bytes).
    Removing system_nrf52.o(i.nrf51_errata_14), (4 bytes).
    Removing system_nrf52.o(i.nrf51_errata_15), (4 bytes).
    Removing system_nrf52.o(i.nrf51_errata_16), (4 bytes).
    Removing system_nrf52.o(i.nrf51_errata_17), (4 bytes).
    Removing system_nrf52.o(i.nrf51_errata_18), (4 bytes).
    Removing system_nrf52.o(i.nrf51_errata_19), (4 bytes).
    Removing system_nrf52.o(i.nrf51_errata_2), (4 bytes).
    Removing system_nrf52.o(i.nrf51_errata_20), (4 bytes).
    Removing system_nrf52.o(i.nrf51_errata_21), (4 bytes).
    Removing system_nrf52.o(i.nrf51_errata_22), (4 bytes).
    Removing system_nrf52.o(i.nrf51_errata_23), (4 bytes).
    Removing system_nrf52.o(i.nrf51_errata_24), (4 bytes).
    Removing system_nrf52.o(i.nrf51_errata_25), (4 bytes).
    Removing system_nrf52.o(i.nrf51_errata_26), (4 bytes).
    Removing system_nrf52.o(i.nrf51_errata_27), (4 bytes).
    Removing system_nrf52.o(i.nrf51_errata_28), (4 bytes).
    Removing system_nrf52.o(i.nrf51_errata_29), (4 bytes).
    Removing system_nrf52.o(i.nrf51_errata_3), (4 bytes).
    Removing system_nrf52.o(i.nrf51_errata_30), (4 bytes).
    Removing system_nrf52.o(i.nrf51_errata_31), (4 bytes).
    Removing system_nrf52.o(i.nrf51_errata_32), (4 bytes).
    Removing system_nrf52.o(i.nrf51_errata_33), (4 bytes).
    Removing system_nrf52.o(i.nrf51_errata_34), (4 bytes).
    Removing system_nrf52.o(i.nrf51_errata_35), (4 bytes).
    Removing system_nrf52.o(i.nrf51_errata_36), (4 bytes).
    Removing system_nrf52.o(i.nrf51_errata_37), (4 bytes).
    Removing system_nrf52.o(i.nrf51_errata_38), (4 bytes).
    Removing system_nrf52.o(i.nrf51_errata_39), (4 bytes).
    Removing system_nrf52.o(i.nrf51_errata_4), (4 bytes).
    Removing system_nrf52.o(i.nrf51_errata_40), (4 bytes).
    Removing system_nrf52.o(i.nrf51_errata_41), (4 bytes).
    Removing system_nrf52.o(i.nrf51_errata_42), (4 bytes).
    Removing system_nrf52.o(i.nrf51_errata_43), (4 bytes).
    Removing system_nrf52.o(i.nrf51_errata_44), (4 bytes).
    Removing system_nrf52.o(i.nrf51_errata_45), (4 bytes).
    Removing system_nrf52.o(i.nrf51_errata_46), (4 bytes).
    Removing system_nrf52.o(i.nrf51_errata_47), (4 bytes).
    Removing system_nrf52.o(i.nrf51_errata_48), (4 bytes).
    Removing system_nrf52.o(i.nrf51_errata_49), (4 bytes).
    Removing system_nrf52.o(i.nrf51_errata_5), (4 bytes).
    Removing system_nrf52.o(i.nrf51_errata_50), (4 bytes).
    Removing system_nrf52.o(i.nrf51_errata_51), (4 bytes).
    Removing system_nrf52.o(i.nrf51_errata_52), (4 bytes).
    Removing system_nrf52.o(i.nrf51_errata_53), (4 bytes).
    Removing system_nrf52.o(i.nrf51_errata_54), (4 bytes).
    Removing system_nrf52.o(i.nrf51_errata_55), (4 bytes).
    Removing system_nrf52.o(i.nrf51_errata_56), (4 bytes).
    Removing system_nrf52.o(i.nrf51_errata_57), (4 bytes).
    Removing system_nrf52.o(i.nrf51_errata_58), (4 bytes).
    Removing system_nrf52.o(i.nrf51_errata_59), (4 bytes).
    Removing system_nrf52.o(i.nrf51_errata_6), (4 bytes).
    Removing system_nrf52.o(i.nrf51_errata_60), (4 bytes).
    Removing system_nrf52.o(i.nrf51_errata_61), (4 bytes).
    Removing system_nrf52.o(i.nrf51_errata_62), (4 bytes).
    Removing system_nrf52.o(i.nrf51_errata_63), (4 bytes).
    Removing system_nrf52.o(i.nrf51_errata_64), (4 bytes).
    Removing system_nrf52.o(i.nrf51_errata_65), (4 bytes).
    Removing system_nrf52.o(i.nrf51_errata_66), (4 bytes).
    Removing system_nrf52.o(i.nrf51_errata_67), (4 bytes).
    Removing system_nrf52.o(i.nrf51_errata_68), (4 bytes).
    Removing system_nrf52.o(i.nrf51_errata_69), (4 bytes).
    Removing system_nrf52.o(i.nrf51_errata_7), (4 bytes).
    Removing system_nrf52.o(i.nrf51_errata_70), (4 bytes).
    Removing system_nrf52.o(i.nrf51_errata_71), (4 bytes).
    Removing system_nrf52.o(i.nrf51_errata_72), (4 bytes).
    Removing system_nrf52.o(i.nrf51_errata_73), (4 bytes).
    Removing system_nrf52.o(i.nrf51_errata_74), (4 bytes).
    Removing system_nrf52.o(i.nrf51_errata_75), (4 bytes).
    Removing system_nrf52.o(i.nrf51_errata_76), (4 bytes).
    Removing system_nrf52.o(i.nrf51_errata_77), (4 bytes).
    Removing system_nrf52.o(i.nrf51_errata_78), (4 bytes).
    Removing system_nrf52.o(i.nrf51_errata_8), (4 bytes).
    Removing system_nrf52.o(i.nrf51_errata_9), (4 bytes).
    Removing system_nrf52.o(i.nrf52_errata_1), (64 bytes).
    Removing system_nrf52.o(i.nrf52_errata_10), (64 bytes).
    Removing system_nrf52.o(i.nrf52_errata_101), (92 bytes).
    Removing system_nrf52.o(i.nrf52_errata_102), (92 bytes).
    Removing system_nrf52.o(i.nrf52_errata_103), (4 bytes).
    Removing system_nrf52.o(i.nrf52_errata_104), (4 bytes).
    Removing system_nrf52.o(i.nrf52_errata_106), (92 bytes).
    Removing system_nrf52.o(i.nrf52_errata_107), (92 bytes).
    Removing system_nrf52.o(i.nrf52_errata_109), (92 bytes).
    Removing system_nrf52.o(i.nrf52_errata_11), (64 bytes).
    Removing system_nrf52.o(i.nrf52_errata_110), (4 bytes).
    Removing system_nrf52.o(i.nrf52_errata_111), (4 bytes).
    Removing system_nrf52.o(i.nrf52_errata_112), (4 bytes).
    Removing system_nrf52.o(i.nrf52_errata_113), (92 bytes).
    Removing system_nrf52.o(i.nrf52_errata_115), (4 bytes).
    Removing system_nrf52.o(i.nrf52_errata_116), (4 bytes).
    Removing system_nrf52.o(i.nrf52_errata_117), (4 bytes).
    Removing system_nrf52.o(i.nrf52_errata_118), (4 bytes).
    Removing system_nrf52.o(i.nrf52_errata_119), (4 bytes).
    Removing system_nrf52.o(i.nrf52_errata_120), (4 bytes).
    Removing system_nrf52.o(i.nrf52_errata_121), (4 bytes).
    Removing system_nrf52.o(i.nrf52_errata_122), (4 bytes).
    Removing system_nrf52.o(i.nrf52_errata_127), (4 bytes).
    Removing system_nrf52.o(i.nrf52_errata_128), (4 bytes).
    Removing system_nrf52.o(i.nrf52_errata_131), (4 bytes).
    Removing system_nrf52.o(i.nrf52_errata_132), (92 bytes).
    Removing system_nrf52.o(i.nrf52_errata_133), (4 bytes).
    Removing system_nrf52.o(i.nrf52_errata_134), (4 bytes).
    Removing system_nrf52.o(i.nrf52_errata_135), (4 bytes).
    Removing system_nrf52.o(i.nrf52_errata_138), (92 bytes).
    Removing system_nrf52.o(i.nrf52_errata_140), (4 bytes).
    Removing system_nrf52.o(i.nrf52_errata_141), (92 bytes).
    Removing system_nrf52.o(i.nrf52_errata_142), (4 bytes).
    Removing system_nrf52.o(i.nrf52_errata_143), (92 bytes).
    Removing system_nrf52.o(i.nrf52_errata_144), (4 bytes).
    Removing system_nrf52.o(i.nrf52_errata_145), (4 bytes).
    Removing system_nrf52.o(i.nrf52_errata_146), (92 bytes).
    Removing system_nrf52.o(i.nrf52_errata_147), (4 bytes).
    Removing system_nrf52.o(i.nrf52_errata_149), (92 bytes).
    Removing system_nrf52.o(i.nrf52_errata_15), (92 bytes).
    Removing system_nrf52.o(i.nrf52_errata_150), (92 bytes).
    Removing system_nrf52.o(i.nrf52_errata_151), (4 bytes).
    Removing system_nrf52.o(i.nrf52_errata_153), (4 bytes).
    Removing system_nrf52.o(i.nrf52_errata_154), (4 bytes).
    Removing system_nrf52.o(i.nrf52_errata_155), (92 bytes).
    Removing system_nrf52.o(i.nrf52_errata_156), (92 bytes).
    Removing system_nrf52.o(i.nrf52_errata_158), (4 bytes).
    Removing system_nrf52.o(i.nrf52_errata_160), (4 bytes).
    Removing system_nrf52.o(i.nrf52_errata_162), (4 bytes).
    Removing system_nrf52.o(i.nrf52_errata_163), (92 bytes).
    Removing system_nrf52.o(i.nrf52_errata_164), (4 bytes).
    Removing system_nrf52.o(i.nrf52_errata_166), (4 bytes).
    Removing system_nrf52.o(i.nrf52_errata_17), (64 bytes).
    Removing system_nrf52.o(i.nrf52_errata_170), (4 bytes).
    Removing system_nrf52.o(i.nrf52_errata_171), (4 bytes).
    Removing system_nrf52.o(i.nrf52_errata_172), (4 bytes).
    Removing system_nrf52.o(i.nrf52_errata_173), (92 bytes).
    Removing system_nrf52.o(i.nrf52_errata_174), (4 bytes).
    Removing system_nrf52.o(i.nrf52_errata_176), (92 bytes).
    Removing system_nrf52.o(i.nrf52_errata_178), (92 bytes).
    Removing system_nrf52.o(i.nrf52_errata_179), (92 bytes).
    Removing system_nrf52.o(i.nrf52_errata_180), (4 bytes).
    Removing system_nrf52.o(i.nrf52_errata_181), (92 bytes).
    Removing system_nrf52.o(i.nrf52_errata_183), (92 bytes).
    Removing system_nrf52.o(i.nrf52_errata_184), (4 bytes).
    Removing system_nrf52.o(i.nrf52_errata_186), (4 bytes).
    Removing system_nrf52.o(i.nrf52_errata_187), (4 bytes).
    Removing system_nrf52.o(i.nrf52_errata_189), (4 bytes).
    Removing system_nrf52.o(i.nrf52_errata_190), (4 bytes).
    Removing system_nrf52.o(i.nrf52_errata_191), (4 bytes).
    Removing system_nrf52.o(i.nrf52_errata_192), (92 bytes).
    Removing system_nrf52.o(i.nrf52_errata_193), (4 bytes).
    Removing system_nrf52.o(i.nrf52_errata_194), (92 bytes).
    Removing system_nrf52.o(i.nrf52_errata_195), (4 bytes).
    Removing system_nrf52.o(i.nrf52_errata_196), (92 bytes).
    Removing system_nrf52.o(i.nrf52_errata_197), (4 bytes).
    Removing system_nrf52.o(i.nrf52_errata_198), (4 bytes).
    Removing system_nrf52.o(i.nrf52_errata_199), (4 bytes).
    Removing system_nrf52.o(i.nrf52_errata_2), (64 bytes).
    Removing system_nrf52.o(i.nrf52_errata_20), (92 bytes).
    Removing system_nrf52.o(i.nrf52_errata_200), (4 bytes).
    Removing system_nrf52.o(i.nrf52_errata_201), (92 bytes).
    Removing system_nrf52.o(i.nrf52_errata_202), (4 bytes).
    Removing system_nrf52.o(i.nrf52_errata_204), (92 bytes).
    Removing system_nrf52.o(i.nrf52_errata_208), (4 bytes).
    Removing system_nrf52.o(i.nrf52_errata_209), (4 bytes).
    Removing system_nrf52.o(i.nrf52_errata_210), (92 bytes).
    Removing system_nrf52.o(i.nrf52_errata_211), (4 bytes).
    Removing system_nrf52.o(i.nrf52_errata_212), (92 bytes).
    Removing system_nrf52.o(i.nrf52_errata_213), (92 bytes).
    Removing system_nrf52.o(i.nrf52_errata_214), (4 bytes).
    Removing system_nrf52.o(i.nrf52_errata_215), (4 bytes).
    Removing system_nrf52.o(i.nrf52_errata_216), (4 bytes).
    Removing system_nrf52.o(i.nrf52_errata_217), (4 bytes).
    Removing system_nrf52.o(i.nrf52_errata_218), (92 bytes).
    Removing system_nrf52.o(i.nrf52_errata_219), (92 bytes).
    Removing system_nrf52.o(i.nrf52_errata_220), (92 bytes).
    Removing system_nrf52.o(i.nrf52_errata_223), (4 bytes).
    Removing system_nrf52.o(i.nrf52_errata_225), (4 bytes).
    Removing system_nrf52.o(i.nrf52_errata_228), (4 bytes).
    Removing system_nrf52.o(i.nrf52_errata_23), (64 bytes).
    Removing system_nrf52.o(i.nrf52_errata_230), (4 bytes).
    Removing system_nrf52.o(i.nrf52_errata_231), (4 bytes).
    Removing system_nrf52.o(i.nrf52_errata_232), (4 bytes).
    Removing system_nrf52.o(i.nrf52_errata_233), (4 bytes).
    Removing system_nrf52.o(i.nrf52_errata_236), (4 bytes).
    Removing system_nrf52.o(i.nrf52_errata_237), (4 bytes).
    Removing system_nrf52.o(i.nrf52_errata_24), (64 bytes).
    Removing system_nrf52.o(i.nrf52_errata_242), (4 bytes).
    Removing system_nrf52.o(i.nrf52_errata_243), (4 bytes).
    Removing system_nrf52.o(i.nrf52_errata_244), (4 bytes).
    Removing system_nrf52.o(i.nrf52_errata_245), (92 bytes).
    Removing system_nrf52.o(i.nrf52_errata_246), (4 bytes).
    Removing system_nrf52.o(i.nrf52_errata_248), (4 bytes).
    Removing system_nrf52.o(i.nrf52_errata_249), (4 bytes).
    Removing system_nrf52.o(i.nrf52_errata_25), (64 bytes).
    Removing system_nrf52.o(i.nrf52_errata_250), (4 bytes).
    Removing system_nrf52.o(i.nrf52_errata_26), (64 bytes).
    Removing system_nrf52.o(i.nrf52_errata_27), (64 bytes).
    Removing system_nrf52.o(i.nrf52_errata_28), (64 bytes).
    Removing system_nrf52.o(i.nrf52_errata_29), (64 bytes).
    Removing system_nrf52.o(i.nrf52_errata_3), (64 bytes).
    Removing system_nrf52.o(i.nrf52_errata_30), (64 bytes).
    Removing system_nrf52.o(i.nrf52_errata_33), (64 bytes).
    Removing system_nrf52.o(i.nrf52_errata_34), (64 bytes).
    Removing system_nrf52.o(i.nrf52_errata_35), (64 bytes).
    Removing system_nrf52.o(i.nrf52_errata_38), (64 bytes).
    Removing system_nrf52.o(i.nrf52_errata_39), (64 bytes).
    Removing system_nrf52.o(i.nrf52_errata_4), (64 bytes).
    Removing system_nrf52.o(i.nrf52_errata_40), (64 bytes).
    Removing system_nrf52.o(i.nrf52_errata_41), (64 bytes).
    Removing system_nrf52.o(i.nrf52_errata_42), (64 bytes).
    Removing system_nrf52.o(i.nrf52_errata_43), (64 bytes).
    Removing system_nrf52.o(i.nrf52_errata_44), (64 bytes).
    Removing system_nrf52.o(i.nrf52_errata_46), (64 bytes).
    Removing system_nrf52.o(i.nrf52_errata_47), (64 bytes).
    Removing system_nrf52.o(i.nrf52_errata_48), (64 bytes).
    Removing system_nrf52.o(i.nrf52_errata_49), (64 bytes).
    Removing system_nrf52.o(i.nrf52_errata_51), (92 bytes).
    Removing system_nrf52.o(i.nrf52_errata_54), (92 bytes).
    Removing system_nrf52.o(i.nrf52_errata_55), (92 bytes).
    Removing system_nrf52.o(i.nrf52_errata_58), (92 bytes).
    Removing system_nrf52.o(i.nrf52_errata_62), (64 bytes).
    Removing system_nrf52.o(i.nrf52_errata_63), (64 bytes).
    Removing system_nrf52.o(i.nrf52_errata_64), (92 bytes).
    Removing system_nrf52.o(i.nrf52_errata_65), (64 bytes).
    Removing system_nrf52.o(i.nrf52_errata_67), (92 bytes).
    Removing system_nrf52.o(i.nrf52_errata_68), (92 bytes).
    Removing system_nrf52.o(i.nrf52_errata_7), (64 bytes).
    Removing system_nrf52.o(i.nrf52_errata_70), (64 bytes).
    Removing system_nrf52.o(i.nrf52_errata_71), (64 bytes).
    Removing system_nrf52.o(i.nrf52_errata_72), (92 bytes).
    Removing system_nrf52.o(i.nrf52_errata_73), (64 bytes).
    Removing system_nrf52.o(i.nrf52_errata_74), (92 bytes).
    Removing system_nrf52.o(i.nrf52_errata_75), (92 bytes).
    Removing system_nrf52.o(i.nrf52_errata_76), (92 bytes).
    Removing system_nrf52.o(i.nrf52_errata_77), (92 bytes).
    Removing system_nrf52.o(i.nrf52_errata_78), (92 bytes).
    Removing system_nrf52.o(i.nrf52_errata_79), (92 bytes).
    Removing system_nrf52.o(i.nrf52_errata_8), (64 bytes).
    Removing system_nrf52.o(i.nrf52_errata_81), (92 bytes).
    Removing system_nrf52.o(i.nrf52_errata_83), (92 bytes).
    Removing system_nrf52.o(i.nrf52_errata_84), (92 bytes).
    Removing system_nrf52.o(i.nrf52_errata_86), (92 bytes).
    Removing system_nrf52.o(i.nrf52_errata_87), (92 bytes).
    Removing system_nrf52.o(i.nrf52_errata_88), (92 bytes).
    Removing system_nrf52.o(i.nrf52_errata_89), (92 bytes).
    Removing system_nrf52.o(i.nrf52_errata_9), (64 bytes).
    Removing system_nrf52.o(i.nrf52_errata_91), (92 bytes).
    Removing system_nrf52.o(i.nrf52_errata_94), (4 bytes).
    Removing system_nrf52.o(i.nrf52_errata_96), (4 bytes).
    Removing system_nrf52.o(i.nrf52_errata_97), (92 bytes).
    Removing system_nrf52.o(i.nrf52_errata_98), (4 bytes).
    Removing system_nrf52.o(i.nrf53_errata_1), (4 bytes).
    Removing system_nrf52.o(i.nrf53_errata_10), (4 bytes).
    Removing system_nrf52.o(i.nrf53_errata_103), (4 bytes).
    Removing system_nrf52.o(i.nrf53_errata_105), (4 bytes).
    Removing system_nrf52.o(i.nrf53_errata_106), (4 bytes).
    Removing system_nrf52.o(i.nrf53_errata_107), (4 bytes).
    Removing system_nrf52.o(i.nrf53_errata_109), (4 bytes).
    Removing system_nrf52.o(i.nrf53_errata_11), (4 bytes).
    Removing system_nrf52.o(i.nrf53_errata_110), (4 bytes).
    Removing system_nrf52.o(i.nrf53_errata_112), (4 bytes).
    Removing system_nrf52.o(i.nrf53_errata_113), (4 bytes).
    Removing system_nrf52.o(i.nrf53_errata_114), (4 bytes).
    Removing system_nrf52.o(i.nrf53_errata_115), (4 bytes).
    Removing system_nrf52.o(i.nrf53_errata_116), (4 bytes).
    Removing system_nrf52.o(i.nrf53_errata_117), (4 bytes).
    Removing system_nrf52.o(i.nrf53_errata_119), (4 bytes).
    Removing system_nrf52.o(i.nrf53_errata_12), (4 bytes).
    Removing system_nrf52.o(i.nrf53_errata_121), (4 bytes).
    Removing system_nrf52.o(i.nrf53_errata_122), (4 bytes).
    Removing system_nrf52.o(i.nrf53_errata_13), (4 bytes).
    Removing system_nrf52.o(i.nrf53_errata_14), (4 bytes).
    Removing system_nrf52.o(i.nrf53_errata_15), (4 bytes).
    Removing system_nrf52.o(i.nrf53_errata_16), (4 bytes).
    Removing system_nrf52.o(i.nrf53_errata_18), (4 bytes).
    Removing system_nrf52.o(i.nrf53_errata_19), (4 bytes).
    Removing system_nrf52.o(i.nrf53_errata_2), (4 bytes).
    Removing system_nrf52.o(i.nrf53_errata_20), (4 bytes).
    Removing system_nrf52.o(i.nrf53_errata_21), (4 bytes).
    Removing system_nrf52.o(i.nrf53_errata_22), (4 bytes).
    Removing system_nrf52.o(i.nrf53_errata_23), (4 bytes).
    Removing system_nrf52.o(i.nrf53_errata_26), (4 bytes).
    Removing system_nrf52.o(i.nrf53_errata_27), (4 bytes).
    Removing system_nrf52.o(i.nrf53_errata_28), (4 bytes).
    Removing system_nrf52.o(i.nrf53_errata_29), (4 bytes).
    Removing system_nrf52.o(i.nrf53_errata_3), (4 bytes).
    Removing system_nrf52.o(i.nrf53_errata_30), (4 bytes).
    Removing system_nrf52.o(i.nrf53_errata_31), (4 bytes).
    Removing system_nrf52.o(i.nrf53_errata_32), (4 bytes).
    Removing system_nrf52.o(i.nrf53_errata_33), (4 bytes).
    Removing system_nrf52.o(i.nrf53_errata_34), (4 bytes).
    Removing system_nrf52.o(i.nrf53_errata_36), (4 bytes).
    Removing system_nrf52.o(i.nrf53_errata_37), (4 bytes).
    Removing system_nrf52.o(i.nrf53_errata_4), (4 bytes).
    Removing system_nrf52.o(i.nrf53_errata_42), (4 bytes).
    Removing system_nrf52.o(i.nrf53_errata_43), (4 bytes).
    Removing system_nrf52.o(i.nrf53_errata_44), (4 bytes).
    Removing system_nrf52.o(i.nrf53_errata_45), (4 bytes).
    Removing system_nrf52.o(i.nrf53_errata_46), (4 bytes).
    Removing system_nrf52.o(i.nrf53_errata_47), (4 bytes).
    Removing system_nrf52.o(i.nrf53_errata_49), (4 bytes).
    Removing system_nrf52.o(i.nrf53_errata_5), (4 bytes).
    Removing system_nrf52.o(i.nrf53_errata_50), (4 bytes).
    Removing system_nrf52.o(i.nrf53_errata_51), (4 bytes).
    Removing system_nrf52.o(i.nrf53_errata_52), (4 bytes).
    Removing system_nrf52.o(i.nrf53_errata_53), (4 bytes).
    Removing system_nrf52.o(i.nrf53_errata_54), (4 bytes).
    Removing system_nrf52.o(i.nrf53_errata_55), (4 bytes).
    Removing system_nrf52.o(i.nrf53_errata_57), (4 bytes).
    Removing system_nrf52.o(i.nrf53_errata_58), (4 bytes).
    Removing system_nrf52.o(i.nrf53_errata_59), (4 bytes).
    Removing system_nrf52.o(i.nrf53_errata_6), (4 bytes).
    Removing system_nrf52.o(i.nrf53_errata_62), (4 bytes).
    Removing system_nrf52.o(i.nrf53_errata_64), (4 bytes).
    Removing system_nrf52.o(i.nrf53_errata_65), (4 bytes).
    Removing system_nrf52.o(i.nrf53_errata_66), (4 bytes).
    Removing system_nrf52.o(i.nrf53_errata_67), (4 bytes).
    Removing system_nrf52.o(i.nrf53_errata_69), (4 bytes).
    Removing system_nrf52.o(i.nrf53_errata_7), (4 bytes).
    Removing system_nrf52.o(i.nrf53_errata_70), (4 bytes).
    Removing system_nrf52.o(i.nrf53_errata_71), (4 bytes).
    Removing system_nrf52.o(i.nrf53_errata_72), (4 bytes).
    Removing system_nrf52.o(i.nrf53_errata_73), (4 bytes).
    Removing system_nrf52.o(i.nrf53_errata_74), (4 bytes).
    Removing system_nrf52.o(i.nrf53_errata_75), (4 bytes).
    Removing system_nrf52.o(i.nrf53_errata_76), (4 bytes).
    Removing system_nrf52.o(i.nrf53_errata_77), (4 bytes).
    Removing system_nrf52.o(i.nrf53_errata_79), (4 bytes).
    Removing system_nrf52.o(i.nrf53_errata_8), (4 bytes).
    Removing system_nrf52.o(i.nrf53_errata_80), (4 bytes).
    Removing system_nrf52.o(i.nrf53_errata_81), (4 bytes).
    Removing system_nrf52.o(i.nrf53_errata_82), (4 bytes).
    Removing system_nrf52.o(i.nrf53_errata_83), (4 bytes).
    Removing system_nrf52.o(i.nrf53_errata_84), (4 bytes).
    Removing system_nrf52.o(i.nrf53_errata_85), (4 bytes).
    Removing system_nrf52.o(i.nrf53_errata_86), (4 bytes).
    Removing system_nrf52.o(i.nrf53_errata_87), (4 bytes).
    Removing system_nrf52.o(i.nrf53_errata_9), (4 bytes).
    Removing system_nrf52.o(i.nrf53_errata_90), (4 bytes).
    Removing system_nrf52.o(i.nrf53_errata_91), (4 bytes).
    Removing system_nrf52.o(i.nrf53_errata_93), (4 bytes).
    Removing system_nrf52.o(i.nrf53_errata_95), (4 bytes).
    Removing system_nrf52.o(i.nrf53_errata_97), (4 bytes).
    Removing system_nrf52.o(i.nrf53_errata_99), (4 bytes).
    Removing system_nrf52.o(i.nrf91_errata_1), (4 bytes).
    Removing system_nrf52.o(i.nrf91_errata_10), (4 bytes).
    Removing system_nrf52.o(i.nrf91_errata_12), (4 bytes).
    Removing system_nrf52.o(i.nrf91_errata_14), (4 bytes).
    Removing system_nrf52.o(i.nrf91_errata_15), (4 bytes).
    Removing system_nrf52.o(i.nrf91_errata_16), (4 bytes).
    Removing system_nrf52.o(i.nrf91_errata_17), (4 bytes).
    Removing system_nrf52.o(i.nrf91_errata_2), (4 bytes).
    Removing system_nrf52.o(i.nrf91_errata_20), (4 bytes).
    Removing system_nrf52.o(i.nrf91_errata_21), (4 bytes).
    Removing system_nrf52.o(i.nrf91_errata_23), (4 bytes).
    Removing system_nrf52.o(i.nrf91_errata_24), (4 bytes).
    Removing system_nrf52.o(i.nrf91_errata_26), (4 bytes).
    Removing system_nrf52.o(i.nrf91_errata_27), (4 bytes).
    Removing system_nrf52.o(i.nrf91_errata_28), (4 bytes).
    Removing system_nrf52.o(i.nrf91_errata_29), (4 bytes).
    Removing system_nrf52.o(i.nrf91_errata_30), (4 bytes).
    Removing system_nrf52.o(i.nrf91_errata_31), (4 bytes).
    Removing system_nrf52.o(i.nrf91_errata_32), (4 bytes).
    Removing system_nrf52.o(i.nrf91_errata_33), (4 bytes).
    Removing system_nrf52.o(i.nrf91_errata_4), (4 bytes).
    Removing system_nrf52.o(i.nrf91_errata_6), (4 bytes).
    Removing system_nrf52.o(i.nrf91_errata_7), (4 bytes).
    Removing system_nrf52.o(i.nrf91_errata_8), (4 bytes).
    Removing system_nrf52.o(i.nrf91_errata_9), (4 bytes).
    Removing nrf_saadc.o(.rev16_text), (4 bytes).
    Removing nrf_saadc.o(.revsh_text), (4 bytes).
    Removing nrf_saadc.o(.rrx_text), (6 bytes).
    Removing nrf_saadc.o(i.nrf_saadc_channel_init), (104 bytes).
    Removing app_error.o(.rev16_text), (4 bytes).
    Removing app_error.o(.revsh_text), (4 bytes).
    Removing app_error.o(.rrx_text), (6 bytes).
    Removing app_error.o(i.app_error_fault_handler), (44 bytes).
    Removing app_error.o(i.app_error_handler), (30 bytes).
    Removing app_error.o(i.app_error_handler_bare), (26 bytes).
    Removing app_error.o(i.app_error_save_and_stop), (136 bytes).
    Removing app_error.o(.bss), (32 bytes).
    Removing nrf_assert.o(.rev16_text), (4 bytes).
    Removing nrf_assert.o(.revsh_text), (4 bytes).
    Removing nrf_assert.o(.rrx_text), (6 bytes).

821 unused section(s) (total 21656 bytes) removed from the image.

==============================================================================

Image Symbol Table

    Local Symbols

    Symbol Name                              Value     Ov Type        Size  Object(Section)

    RESET                                    0x00000000   Section      512  arm_startup_nrf52.o(RESET)
    ../clib/angel/boardlib.s                 0x00000000   Number         0  boardshut.o ABSOLUTE
    ../clib/angel/boardlib.s                 0x00000000   Number         0  boardinit3.o ABSOLUTE
    ../clib/angel/boardlib.s                 0x00000000   Number         0  boardinit2.o ABSOLUTE
    ../clib/angel/boardlib.s                 0x00000000   Number         0  boardinit1.o ABSOLUTE
    ../clib/angel/handlers.s                 0x00000000   Number         0  __scatter_zi.o ABSOLUTE
    ../clib/angel/handlers.s                 0x00000000   Number         0  __scatter_copy.o ABSOLUTE
    ../clib/angel/kernel.s                   0x00000000   Number         0  __rtentry.o ABSOLUTE
    ../clib/angel/kernel.s                   0x00000000   Number         0  __rtentry4.o ABSOLUTE
    ../clib/angel/kernel.s                   0x00000000   Number         0  rtexit2.o ABSOLUTE
    ../clib/angel/kernel.s                   0x00000000   Number         0  rtexit.o ABSOLUTE
    ../clib/angel/kernel.s                   0x00000000   Number         0  __rtentry2.o ABSOLUTE
    ../clib/angel/rt.s                       0x00000000   Number         0  rt_raise.o ABSOLUTE
    ../clib/angel/scatter.s                  0x00000000   Number         0  __scatter.o ABSOLUTE
    ../clib/angel/startup.s                  0x00000000   Number         0  __main.o ABSOLUTE
    ../clib/angel/sys.s                      0x00000000   Number         0  indicate_semi.o ABSOLUTE
    ../clib/angel/sys.s                      0x00000000   Number         0  use_no_semi.o ABSOLUTE
    ../clib/angel/sys.s                      0x00000000   Number         0  libspace.o ABSOLUTE
    ../clib/angel/sys.s                      0x00000000   Number         0  sys_stackheap_outer.o ABSOLUTE
    ../clib/angel/sysapp.c                   0x00000000   Number         0  sys_exit.o ABSOLUTE
    ../clib/angel/sysapp.c                   0x00000000   Number         0  sys_command.o ABSOLUTE
    ../clib/angel/sysapp.c                   0x00000000   Number         0  sys_wrch.o ABSOLUTE
    ../clib/armsys.c                         0x00000000   Number         0  no_argv.o ABSOLUTE
    ../clib/armsys.c                         0x00000000   Number         0  _get_argv_nomalloc.o ABSOLUTE
    ../clib/armsys.c                         0x00000000   Number         0  argv_veneer.o ABSOLUTE
    ../clib/armsys.c                         0x00000000   Number         0  argv_veneer.o ABSOLUTE
    ../clib/heapalloc.c                      0x00000000   Number         0  hrguard.o ABSOLUTE
    ../clib/heapaux.c                        0x00000000   Number         0  heapauxi.o ABSOLUTE
    ../clib/libinit.s                        0x00000000   Number         0  libinit2.o ABSOLUTE
    ../clib/libinit.s                        0x00000000   Number         0  libinit.o ABSOLUTE
    ../clib/libinit.s                        0x00000000   Number         0  libshutdown.o ABSOLUTE
    ../clib/libinit.s                        0x00000000   Number         0  libshutdown2.o ABSOLUTE
    ../clib/memcpset.s                       0x00000000   Number         0  rt_memclr_w.o ABSOLUTE
    ../clib/memcpset.s                       0x00000000   Number         0  rt_memclr.o ABSOLUTE
    ../clib/signal.c                         0x00000000   Number         0  defsig_general.o ABSOLUTE
    ../clib/signal.c                         0x00000000   Number         0  __raise.o ABSOLUTE
    ../clib/signal.c                         0x00000000   Number         0  defsig_rtmem_inner.o ABSOLUTE
    ../clib/signal.c                         0x00000000   Number         0  defsig_rtmem_formal.o ABSOLUTE
    ../clib/signal.c                         0x00000000   Number         0  defsig_rtmem_outer.o ABSOLUTE
    ../clib/signal.c                         0x00000000   Number         0  defsig_exit.o ABSOLUTE
    ../clib/signal.c                         0x00000000   Number         0  defsig_other.o ABSOLUTE
    ../clib/signal.c                         0x00000000   Number         0  defsig_segv_inner.o ABSOLUTE
    ../clib/signal.c                         0x00000000   Number         0  defsig_cppl_inner.o ABSOLUTE
    ../clib/signal.c                         0x00000000   Number         0  defsig_pvfn_inner.o ABSOLUTE
    ../clib/signal.c                         0x00000000   Number         0  defsig_stak_inner.o ABSOLUTE
    ../clib/signal.c                         0x00000000   Number         0  defsig_rtred_inner.o ABSOLUTE
    ../clib/signal.c                         0x00000000   Number         0  defsig_fpe_inner.o ABSOLUTE
    ../clib/signal.c                         0x00000000   Number         0  defsig_abrt_inner.o ABSOLUTE
    ../clib/signal.s                         0x00000000   Number         0  defsig.o ABSOLUTE
    ../clib/stdlib.c                         0x00000000   Number         0  exit.o ABSOLUTE
    ../fplib/fpinit.s                        0x00000000   Number         0  fpinit.o ABSOLUTE
    D:\Program Files\MDK-ARM\Pack\NordicSemiconductor\nRF_Drivers\4.0.0-2.alpha\hal\nrf_saadc.c 0x00000000   Number         0  nrf_saadc.o ABSOLUTE
    D:\\Program Files\\MDK-ARM\\Pack\\NordicSemiconductor\\nRF_Drivers\\4.0.0-2.alpha\\hal\\nrf_saadc.c 0x00000000   Number         0  nrf_saadc.o ABSOLUTE
    RTE\Device\nRF52832_xxAA\arm_startup_nrf52.s 0x00000000   Number         0  arm_startup_nrf52.o ABSOLUTE
    RTE\Device\nRF52832_xxAA\system_nrf52.c  0x00000000   Number         0  system_nrf52.o ABSOLUTE
    RTE\\Device\\nRF52832_xxAA\\system_nrf52.c 0x00000000   Number         0  system_nrf52.o ABSOLUTE
    RTE\\nRF_Libraries\\nRF52832_xxAA\\app_error.c 0x00000000   Number         0  app_error.o ABSOLUTE
    RTE\\nRF_Libraries\\nRF52832_xxAA\\nrf_assert.c 0x00000000   Number         0  nrf_assert.o ABSOLUTE
    RTE\nRF_Libraries\nRF52832_xxAA\app_error.c 0x00000000   Number         0  app_error.o ABSOLUTE
    RTE\nRF_Libraries\nRF52832_xxAA\nrf_assert.c 0x00000000   Number         0  nrf_assert.o ABSOLUTE
    Src\\adc.c                               0x00000000   Number         0  adc.o ABSOLUTE
    Src\\gpio.c                              0x00000000   Number         0  gpio.o ABSOLUTE
    Src\\main.c                              0x00000000   Number         0  main.o ABSOLUTE
    Src\\radio.c                             0x00000000   Number         0  radio.o ABSOLUTE
    Src\\spi.c                               0x00000000   Number         0  spi.o ABSOLUTE
    Src\\timer.c                             0x00000000   Number         0  timer.o ABSOLUTE
    Src\\uart.c                              0x00000000   Number         0  uart.o ABSOLUTE
    Src\adc.c                                0x00000000   Number         0  adc.o ABSOLUTE
    Src\gpio.c                               0x00000000   Number         0  gpio.o ABSOLUTE
    Src\main.c                               0x00000000   Number         0  main.o ABSOLUTE
    Src\radio.c                              0x00000000   Number         0  radio.o ABSOLUTE
    Src\spi.c                                0x00000000   Number         0  spi.o ABSOLUTE
    Src\timer.c                              0x00000000   Number         0  timer.o ABSOLUTE
    Src\uart.c                               0x00000000   Number         0  uart.o ABSOLUTE
    dc.s                                     0x00000000   Number         0  dc.o ABSOLUTE
    !!!main                                  0x00000200   Section        8  __main.o(!!!main)
    !!!scatter                               0x00000208   Section       52  __scatter.o(!!!scatter)
    !!handler_copy                           0x0000023c   Section       26  __scatter_copy.o(!!handler_copy)
    !!handler_zi                             0x00000258   Section       28  __scatter_zi.o(!!handler_zi)
    .ARM.Collect$$libinit$$00000000          0x00000274   Section        2  libinit.o(.ARM.Collect$$libinit$$00000000)
    .ARM.Collect$$libinit$$00000001          0x00000276   Section        4  libinit2.o(.ARM.Collect$$libinit$$00000001)
    .ARM.Collect$$libinit$$00000004          0x0000027a   Section        0  libinit2.o(.ARM.Collect$$libinit$$00000004)
    .ARM.Collect$$libinit$$0000000A          0x0000027a   Section        0  libinit2.o(.ARM.Collect$$libinit$$0000000A)
    .ARM.Collect$$libinit$$0000000C          0x0000027a   Section        0  libinit2.o(.ARM.Collect$$libinit$$0000000C)
    .ARM.Collect$$libinit$$0000000E          0x0000027a   Section        0  libinit2.o(.ARM.Collect$$libinit$$0000000E)
    .ARM.Collect$$libinit$$00000011          0x0000027a   Section        0  libinit2.o(.ARM.Collect$$libinit$$00000011)
    .ARM.Collect$$libinit$$00000013          0x0000027a   Section        0  libinit2.o(.ARM.Collect$$libinit$$00000013)
    .ARM.Collect$$libinit$$00000015          0x0000027a   Section        0  libinit2.o(.ARM.Collect$$libinit$$00000015)
    .ARM.Collect$$libinit$$00000017          0x0000027a   Section        0  libinit2.o(.ARM.Collect$$libinit$$00000017)
    .ARM.Collect$$libinit$$00000019          0x0000027a   Section        0  libinit2.o(.ARM.Collect$$libinit$$00000019)
    .ARM.Collect$$libinit$$0000001B          0x0000027a   Section        0  libinit2.o(.ARM.Collect$$libinit$$0000001B)
    .ARM.Collect$$libinit$$0000001D          0x0000027a   Section        0  libinit2.o(.ARM.Collect$$libinit$$0000001D)
    .ARM.Collect$$libinit$$0000001F          0x0000027a   Section        0  libinit2.o(.ARM.Collect$$libinit$$0000001F)
    .ARM.Collect$$libinit$$00000021          0x0000027a   Section        0  libinit2.o(.ARM.Collect$$libinit$$00000021)
    .ARM.Collect$$libinit$$00000023          0x0000027a   Section        0  libinit2.o(.ARM.Collect$$libinit$$00000023)
    .ARM.Collect$$libinit$$00000025          0x0000027a   Section        0  libinit2.o(.ARM.Collect$$libinit$$00000025)
    .ARM.Collect$$libinit$$0000002C          0x0000027a   Section        0  libinit2.o(.ARM.Collect$$libinit$$0000002C)
    .ARM.Collect$$libinit$$0000002E          0x0000027a   Section        0  libinit2.o(.ARM.Collect$$libinit$$0000002E)
    .ARM.Collect$$libinit$$00000030          0x0000027a   Section        0  libinit2.o(.ARM.Collect$$libinit$$00000030)
    .ARM.Collect$$libinit$$00000032          0x0000027a   Section        0  libinit2.o(.ARM.Collect$$libinit$$00000032)
    .ARM.Collect$$libinit$$00000033          0x0000027a   Section        2  libinit2.o(.ARM.Collect$$libinit$$00000033)
    .ARM.Collect$$libshutdown$$00000000      0x0000027c   Section        2  libshutdown.o(.ARM.Collect$$libshutdown$$00000000)
    .ARM.Collect$$libshutdown$$00000002      0x0000027e   Section        0  libshutdown2.o(.ARM.Collect$$libshutdown$$00000002)
    .ARM.Collect$$libshutdown$$00000004      0x0000027e   Section        0  libshutdown2.o(.ARM.Collect$$libshutdown$$00000004)
    .ARM.Collect$$libshutdown$$00000007      0x0000027e   Section        0  libshutdown2.o(.ARM.Collect$$libshutdown$$00000007)
    .ARM.Collect$$libshutdown$$0000000A      0x0000027e   Section        0  libshutdown2.o(.ARM.Collect$$libshutdown$$0000000A)
    .ARM.Collect$$libshutdown$$0000000C      0x0000027e   Section        0  libshutdown2.o(.ARM.Collect$$libshutdown$$0000000C)
    .ARM.Collect$$libshutdown$$0000000F      0x0000027e   Section        0  libshutdown2.o(.ARM.Collect$$libshutdown$$0000000F)
    .ARM.Collect$$libshutdown$$00000010      0x0000027e   Section        2  libshutdown2.o(.ARM.Collect$$libshutdown$$00000010)
    .ARM.Collect$$rtentry$$00000000          0x00000280   Section        0  __rtentry.o(.ARM.Collect$$rtentry$$00000000)
    .ARM.Collect$$rtentry$$00000002          0x00000280   Section        0  __rtentry2.o(.ARM.Collect$$rtentry$$00000002)
    .ARM.Collect$$rtentry$$00000004          0x00000280   Section        6  __rtentry4.o(.ARM.Collect$$rtentry$$00000004)
    .ARM.Collect$$rtentry$$00000009          0x00000286   Section        0  __rtentry2.o(.ARM.Collect$$rtentry$$00000009)
    .ARM.Collect$$rtentry$$0000000A          0x00000286   Section        4  __rtentry2.o(.ARM.Collect$$rtentry$$0000000A)
    .ARM.Collect$$rtentry$$0000000C          0x0000028a   Section        0  __rtentry2.o(.ARM.Collect$$rtentry$$0000000C)
    .ARM.Collect$$rtentry$$0000000D          0x0000028a   Section        8  __rtentry2.o(.ARM.Collect$$rtentry$$0000000D)
    .ARM.Collect$$rtexit$$00000000           0x00000292   Section        2  rtexit.o(.ARM.Collect$$rtexit$$00000000)
    .ARM.Collect$$rtexit$$00000002           0x00000294   Section        0  rtexit2.o(.ARM.Collect$$rtexit$$00000002)
    .ARM.Collect$$rtexit$$00000003           0x00000294   Section        4  rtexit2.o(.ARM.Collect$$rtexit$$00000003)
    .ARM.Collect$$rtexit$$00000004           0x00000298   Section        6  rtexit2.o(.ARM.Collect$$rtexit$$00000004)
    .text                                    0x000002a0   Section       64  arm_startup_nrf52.o(.text)
    $v0                                      0x000002a0   Number         0  arm_startup_nrf52.o(.text)
    .text                                    0x000002e0   Section       68  rt_memclr.o(.text)
    .text                                    0x00000324   Section        0  heapauxi.o(.text)
    .text                                    0x0000032a   Section       78  rt_memclr_w.o(.text)
    .text                                    0x00000378   Section       74  sys_stackheap_outer.o(.text)
    .text                                    0x000003c2   Section        0  exit.o(.text)
    .text                                    0x000003d4   Section        8  libspace.o(.text)
    .text                                    0x000003dc   Section        0  sys_exit.o(.text)
    .text                                    0x000003e8   Section        2  use_no_semi.o(.text)
    .text                                    0x000003ea   Section        0  indicate_semi.o(.text)
    i.AvailableUARTData                      0x000003ec   Section        0  uart.o(i.AvailableUARTData)
    i.ClearRxBuffer                          0x00000408   Section        0  uart.o(i.ClearRxBuffer)
    i.ClockInitialization                    0x0000041c   Section        0  main.o(i.ClockInitialization)
    i.GPIOInit                               0x00000438   Section        0  gpio.o(i.GPIOInit)
    i.GetWritePosition                       0x00000478   Section        0  uart.o(i.GetWritePosition)
    i.RADIO_IRQHandler                       0x00000484   Section        0  radio.o(i.RADIO_IRQHandler)
    i.RadioDisable                           0x000004e0   Section        0  radio.o(i.RadioDisable)
    RadioDisable                             0x000004e1   Thumb Code    38  radio.o(i.RadioDisable)
    i.RadioRxCarrier                         0x00000510   Section        0  radio.o(i.RadioRxCarrier)
    i.RadioTxCarrier                         0x00000538   Section        0  radio.o(i.RadioTxCarrier)
    i.ReadUART                               0x0000056c   Section        0  uart.o(i.ReadUART)
    i.SAADC_IRQHandler                       0x000005b4   Section        0  adc.o(i.SAADC_IRQHandler)
    i.SystemCoreClockUpdate                  0x0000062c   Section        0  system_nrf52.o(i.SystemCoreClockUpdate)
    i.SystemInit                             0x0000063c   Section        0  system_nrf52.o(i.SystemInit)
    i.TIMER0_IRQHandler                      0x00000810   Section        0  timer.o(i.TIMER0_IRQHandler)
    i.TIMER1_IRQHandler                      0x00000858   Section        0  radio.o(i.TIMER1_IRQHandler)
    i.TransmitUART                           0x000008c0   Section        0  uart.o(i.TransmitUART)
    i.UART0Init                              0x00000934   Section        0  uart.o(i.UART0Init)
    i.UARTE0_UART0_IRQHandler                0x00000a50   Section        0  uart.o(i.UARTE0_UART0_IRQHandler)
    i.main                                   0x00000b20   Section        0  main.o(i.main)
    i.nrf52_errata_108                       0x0000161c   Section        0  system_nrf52.o(i.nrf52_errata_108)
    nrf52_errata_108                         0x0000161d   Thumb Code    82  system_nrf52.o(i.nrf52_errata_108)
    i.nrf52_errata_12                        0x00001678   Section        0  system_nrf52.o(i.nrf52_errata_12)
    nrf52_errata_12                          0x00001679   Thumb Code    82  system_nrf52.o(i.nrf52_errata_12)
    i.nrf52_errata_136                       0x000016d4   Section        0  system_nrf52.o(i.nrf52_errata_136)
    nrf52_errata_136                         0x000016d5   Thumb Code    82  system_nrf52.o(i.nrf52_errata_136)
    i.nrf52_errata_16                        0x00001730   Section        0  system_nrf52.o(i.nrf52_errata_16)
    nrf52_errata_16                          0x00001731   Thumb Code    60  system_nrf52.o(i.nrf52_errata_16)
    i.nrf52_errata_182                       0x00001770   Section        0  system_nrf52.o(i.nrf52_errata_182)
    nrf52_errata_182                         0x00001771   Thumb Code    58  system_nrf52.o(i.nrf52_errata_182)
    i.nrf52_errata_31                        0x000017b0   Section        0  system_nrf52.o(i.nrf52_errata_31)
    nrf52_errata_31                          0x000017b1   Thumb Code    82  system_nrf52.o(i.nrf52_errata_31)
    i.nrf52_errata_32                        0x0000180c   Section        0  system_nrf52.o(i.nrf52_errata_32)
    nrf52_errata_32                          0x0000180d   Thumb Code    60  system_nrf52.o(i.nrf52_errata_32)
    i.nrf52_errata_36                        0x0000184c   Section        0  system_nrf52.o(i.nrf52_errata_36)
    nrf52_errata_36                          0x0000184d   Thumb Code    82  system_nrf52.o(i.nrf52_errata_36)
    i.nrf52_errata_37                        0x000018a8   Section        0  system_nrf52.o(i.nrf52_errata_37)
    nrf52_errata_37                          0x000018a9   Thumb Code    60  system_nrf52.o(i.nrf52_errata_37)
    i.nrf52_errata_57                        0x000018e8   Section        0  system_nrf52.o(i.nrf52_errata_57)
    nrf52_errata_57                          0x000018e9   Thumb Code    60  system_nrf52.o(i.nrf52_errata_57)
    i.nrf52_errata_66                        0x00001928   Section        0  system_nrf52.o(i.nrf52_errata_66)
    nrf52_errata_66                          0x00001929   Thumb Code    82  system_nrf52.o(i.nrf52_errata_66)
    i.nrf_gpio_cfg                           0x00001984   Section        0  gpio.o(i.nrf_gpio_cfg)
    nrf_gpio_cfg                             0x00001985   Thumb Code    30  gpio.o(i.nrf_gpio_cfg)
    i.nrf_gpio_cfg                           0x000019a8   Section        0  uart.o(i.nrf_gpio_cfg)
    nrf_gpio_cfg                             0x000019a9   Thumb Code    30  uart.o(i.nrf_gpio_cfg)
    i.nrf_gpio_pin_read                      0x000019cc   Section        0  main.o(i.nrf_gpio_pin_read)
    nrf_gpio_pin_read                        0x000019cd   Thumb Code    14  main.o(i.nrf_gpio_pin_read)
    i.nrf_gpio_pin_write                     0x000019e0   Section        0  main.o(i.nrf_gpio_pin_write)
    nrf_gpio_pin_write                       0x000019e1   Thumb Code    34  main.o(i.nrf_gpio_pin_write)
    i.nrf_saadc_buffer_init                  0x00001a08   Section        0  adc.o(i.nrf_saadc_buffer_init)
    nrf_saadc_buffer_init                    0x00001a09   Thumb Code    10  adc.o(i.nrf_saadc_buffer_init)
    i.nrf_saadc_event_check                  0x00001a18   Section        0  adc.o(i.nrf_saadc_event_check)
    nrf_saadc_event_check                    0x00001a19   Thumb Code    16  adc.o(i.nrf_saadc_event_check)
    i.nrf_saadc_event_clear                  0x00001a2c   Section        0  adc.o(i.nrf_saadc_event_clear)
    nrf_saadc_event_clear                    0x00001a2d   Thumb Code     8  adc.o(i.nrf_saadc_event_clear)
    i.nrf_saadc_int_enable_check             0x00001a38   Section        0  adc.o(i.nrf_saadc_int_enable_check)
    nrf_saadc_int_enable_check               0x00001a39   Thumb Code    18  adc.o(i.nrf_saadc_int_enable_check)
    i.nrf_timer_event_clear                  0x00001a50   Section        0  timer.o(i.nrf_timer_event_clear)
    nrf_timer_event_clear                    0x00001a51   Thumb Code     6  timer.o(i.nrf_timer_event_clear)
    i.nrf_uart_event_check                   0x00001a56   Section        0  uart.o(i.nrf_uart_event_check)
    nrf_uart_event_check                     0x00001a57   Thumb Code    14  uart.o(i.nrf_uart_event_check)
    i.nrf_uart_event_clear                   0x00001a64   Section        0  uart.o(i.nrf_uart_event_clear)
    nrf_uart_event_clear                     0x00001a65   Thumb Code     6  uart.o(i.nrf_uart_event_clear)
    i.nrf_uart_task_trigger                  0x00001a6a   Section        0  uart.o(i.nrf_uart_task_trigger)
    nrf_uart_task_trigger                    0x00001a6b   Thumb Code     6  uart.o(i.nrf_uart_task_trigger)
    i.nrf_uart_txd_set                       0x00001a70   Section        0  uart.o(i.nrf_uart_txd_set)
    nrf_uart_txd_set                         0x00001a71   Thumb Code     6  uart.o(i.nrf_uart_txd_set)
    x$fpl$fpinit                             0x00001a76   Section       10  fpinit.o(x$fpl$fpinit)
    $v0                                      0x00001a76   Number         0  fpinit.o(x$fpl$fpinit)
    .data                                    0x20000000   Section       75  main.o(.data)
    .data                                    0x2000004b   Section        1  timer.o(.data)
    .data                                    0x2000004c   Section        9  radio.o(.data)
    mode_                                    0x2000004c   Data           1  radio.o(.data)
    txpower_                                 0x2000004d   Data           1  radio.o(.data)
    channel_start_                           0x2000004e   Data           1  radio.o(.data)
    channel_end_                             0x2000004f   Data           1  radio.o(.data)
    channel_                                 0x20000050   Data           1  radio.o(.data)
    sweep_tx_                                0x20000051   Data           1  radio.o(.data)
    TxBusyState                              0x20000052   Data           1  radio.o(.data)
    RxBusyState                              0x20000053   Data           1  radio.o(.data)
    RxEnableData                             0x20000054   Data           1  radio.o(.data)
    .data                                    0x20000055   Section        1  uart.o(.data)
    .data                                    0x20000056   Section        1  adc.o(.data)
    flag                                     0x20000056   Data           1  adc.o(.data)
    .data                                    0x20000058   Section        4  system_nrf52.o(.data)
    __tagsym$$used                           0x20000058   Number         0  system_nrf52.o(.data)
    .bss                                     0x2000005c   Section      137  main.o(.bss)
    .bss                                     0x200000e6   Section      408  uart.o(.bss)
    .bss                                     0x2000027e   Section      800  adc.o(.bss)
    .bss                                     0x200005a0   Section       96  libspace.o(.bss)
    HEAP                                     0x20000600   Section     4096  arm_startup_nrf52.o(HEAP)
    Heap_Mem                                 0x20000600   Data        4096  arm_startup_nrf52.o(HEAP)
    STACK                                    0x20001600   Section     4096  arm_startup_nrf52.o(STACK)
    Stack_Mem                                0x20001600   Data        4096  arm_startup_nrf52.o(STACK)
    __initial_sp                             0x20002600   Data           0  arm_startup_nrf52.o(STACK)

    Global Symbols

    Symbol Name                              Value     Ov Type        Size  Object(Section)

    BuildAttributes$$THM_ISAv4$E$P$D$K$B$S$7EM$VFPi3$EXTD16$VFPS$VFMA$PE$A:L22UL41UL21$X:L11$S22US41US21$IEEE1$IW$USESV6$~STKCKD$USESV7$~SHL$OSPACE$ROPI$EBA8$UX$STANDARDLIB$REQ8$PRES8$EABIv2 0x00000000   Number         0  anon$$obj.o ABSOLUTE
    __ARM_use_no_argv                        0x00000000   Number         0  main.o ABSOLUTE
    __Vectors                                0x00000000   Data           4  arm_startup_nrf52.o(RESET)
    __ARM_exceptions_init                     - Undefined Weak Reference
    __alloca_initialize                       - Undefined Weak Reference
    __arm_preinit_                            - Undefined Weak Reference
    __cpp_initialize__aeabi_                  - Undefined Weak Reference
    __cxa_finalize                            - Undefined Weak Reference
    __rt_locale                               - Undefined Weak Reference
    __sigvec_lookup                           - Undefined Weak Reference
    _atexit_init                              - Undefined Weak Reference
    _call_atexit_fns                          - Undefined Weak Reference
    _clock_init                               - Undefined Weak Reference
    _fp_trap_init                             - Undefined Weak Reference
    _fp_trap_shutdown                         - Undefined Weak Reference
    _get_lc_collate                           - Undefined Weak Reference
    _get_lc_ctype                             - Undefined Weak Reference
    _get_lc_monetary                          - Undefined Weak Reference
    _get_lc_numeric                           - Undefined Weak Reference
    _get_lc_time                              - Undefined Weak Reference
    _getenv_init                              - Undefined Weak Reference
    _handle_redirection                       - Undefined Weak Reference
    _init_alloc                               - Undefined Weak Reference
    _init_user_alloc                          - Undefined Weak Reference
    _initio                                   - Undefined Weak Reference
    _rand_init                                - Undefined Weak Reference
    _signal_finish                            - Undefined Weak Reference
    _signal_init                              - Undefined Weak Reference
    _terminate_alloc                          - Undefined Weak Reference
    _terminate_user_alloc                     - Undefined Weak Reference
    _terminateio                              - Undefined Weak Reference
    __Vectors_End                            0x00000200   Data           0  arm_startup_nrf52.o(RESET)
    __Vectors_Size                           0x00000200   Number         0  arm_startup_nrf52.o ABSOLUTE
    __main                                   0x00000201   Thumb Code     8  __main.o(!!!main)
    __scatterload                            0x00000209   Thumb Code     0  __scatter.o(!!!scatter)
    __scatterload_rt2                        0x00000209   Thumb Code    44  __scatter.o(!!!scatter)
    __scatterload_rt2_thumb_only             0x00000209   Thumb Code     0  __scatter.o(!!!scatter)
    __scatterload_null                       0x00000217   Thumb Code     0  __scatter.o(!!!scatter)
    __scatterload_copy                       0x0000023d   Thumb Code    26  __scatter_copy.o(!!handler_copy)
    __scatterload_zeroinit                   0x00000259   Thumb Code    28  __scatter_zi.o(!!handler_zi)
    __rt_lib_init                            0x00000275   Thumb Code     0  libinit.o(.ARM.Collect$$libinit$$00000000)
    __rt_lib_init_fp_1                       0x00000277   Thumb Code     0  libinit2.o(.ARM.Collect$$libinit$$00000001)
    __rt_lib_init_alloca_1                   0x0000027b   Thumb Code     0  libinit2.o(.ARM.Collect$$libinit$$0000002E)
    __rt_lib_init_argv_1                     0x0000027b   Thumb Code     0  libinit2.o(.ARM.Collect$$libinit$$0000002C)
    __rt_lib_init_atexit_1                   0x0000027b   Thumb Code     0  libinit2.o(.ARM.Collect$$libinit$$0000001B)
    __rt_lib_init_clock_1                    0x0000027b   Thumb Code     0  libinit2.o(.ARM.Collect$$libinit$$00000021)
    __rt_lib_init_cpp_1                      0x0000027b   Thumb Code     0  libinit2.o(.ARM.Collect$$libinit$$00000032)
    __rt_lib_init_exceptions_1               0x0000027b   Thumb Code     0  libinit2.o(.ARM.Collect$$libinit$$00000030)
    __rt_lib_init_fp_trap_1                  0x0000027b   Thumb Code     0  libinit2.o(.ARM.Collect$$libinit$$0000001F)
    __rt_lib_init_getenv_1                   0x0000027b   Thumb Code     0  libinit2.o(.ARM.Collect$$libinit$$00000023)
    __rt_lib_init_heap_1                     0x0000027b   Thumb Code     0  libinit2.o(.ARM.Collect$$libinit$$0000000A)
    __rt_lib_init_lc_collate_1               0x0000027b   Thumb Code     0  libinit2.o(.ARM.Collect$$libinit$$00000011)
    __rt_lib_init_lc_ctype_1                 0x0000027b   Thumb Code     0  libinit2.o(.ARM.Collect$$libinit$$00000013)
    __rt_lib_init_lc_monetary_1              0x0000027b   Thumb Code     0  libinit2.o(.ARM.Collect$$libinit$$00000015)
    __rt_lib_init_lc_numeric_1               0x0000027b   Thumb Code     0  libinit2.o(.ARM.Collect$$libinit$$00000017)
    __rt_lib_init_lc_time_1                  0x0000027b   Thumb Code     0  libinit2.o(.ARM.Collect$$libinit$$00000019)
    __rt_lib_init_preinit_1                  0x0000027b   Thumb Code     0  libinit2.o(.ARM.Collect$$libinit$$00000004)
    __rt_lib_init_rand_1                     0x0000027b   Thumb Code     0  libinit2.o(.ARM.Collect$$libinit$$0000000E)
    __rt_lib_init_return                     0x0000027b   Thumb Code     0  libinit2.o(.ARM.Collect$$libinit$$00000033)
    __rt_lib_init_signal_1                   0x0000027b   Thumb Code     0  libinit2.o(.ARM.Collect$$libinit$$0000001D)
    __rt_lib_init_stdio_1                    0x0000027b   Thumb Code     0  libinit2.o(.ARM.Collect$$libinit$$00000025)
    __rt_lib_init_user_alloc_1               0x0000027b   Thumb Code     0  libinit2.o(.ARM.Collect$$libinit$$0000000C)
    __rt_lib_shutdown                        0x0000027d   Thumb Code     0  libshutdown.o(.ARM.Collect$$libshutdown$$00000000)
    __rt_lib_shutdown_cpp_1                  0x0000027f   Thumb Code     0  libshutdown2.o(.ARM.Collect$$libshutdown$$00000002)
    __rt_lib_shutdown_fp_trap_1              0x0000027f   Thumb Code     0  libshutdown2.o(.ARM.Collect$$libshutdown$$00000007)
    __rt_lib_shutdown_heap_1                 0x0000027f   Thumb Code     0  libshutdown2.o(.ARM.Collect$$libshutdown$$0000000F)
    __rt_lib_shutdown_return                 0x0000027f   Thumb Code     0  libshutdown2.o(.ARM.Collect$$libshutdown$$00000010)
    __rt_lib_shutdown_signal_1               0x0000027f   Thumb Code     0  libshutdown2.o(.ARM.Collect$$libshutdown$$0000000A)
    __rt_lib_shutdown_stdio_1                0x0000027f   Thumb Code     0  libshutdown2.o(.ARM.Collect$$libshutdown$$00000004)
    __rt_lib_shutdown_user_alloc_1           0x0000027f   Thumb Code     0  libshutdown2.o(.ARM.Collect$$libshutdown$$0000000C)
    __rt_entry                               0x00000281   Thumb Code     0  __rtentry.o(.ARM.Collect$$rtentry$$00000000)
    __rt_entry_presh_1                       0x00000281   Thumb Code     0  __rtentry2.o(.ARM.Collect$$rtentry$$00000002)
    __rt_entry_sh                            0x00000281   Thumb Code     0  __rtentry4.o(.ARM.Collect$$rtentry$$00000004)
    __rt_entry_li                            0x00000287   Thumb Code     0  __rtentry2.o(.ARM.Collect$$rtentry$$0000000A)
    __rt_entry_postsh_1                      0x00000287   Thumb Code     0  __rtentry2.o(.ARM.Collect$$rtentry$$00000009)
    __rt_entry_main                          0x0000028b   Thumb Code     0  __rtentry2.o(.ARM.Collect$$rtentry$$0000000D)
    __rt_entry_postli_1                      0x0000028b   Thumb Code     0  __rtentry2.o(.ARM.Collect$$rtentry$$0000000C)
    __rt_exit                                0x00000293   Thumb Code     0  rtexit.o(.ARM.Collect$$rtexit$$00000000)
    __rt_exit_ls                             0x00000295   Thumb Code     0  rtexit2.o(.ARM.Collect$$rtexit$$00000003)
    __rt_exit_prels_1                        0x00000295   Thumb Code     0  rtexit2.o(.ARM.Collect$$rtexit$$00000002)
    __rt_exit_exit                           0x00000299   Thumb Code     0  rtexit2.o(.ARM.Collect$$rtexit$$00000004)
    Reset_Handler                            0x000002a1   Thumb Code     8  arm_startup_nrf52.o(.text)
    NMI_Handler                              0x000002a9   Thumb Code     2  arm_startup_nrf52.o(.text)
    HardFault_Handler                        0x000002ab   Thumb Code     2  arm_startup_nrf52.o(.text)
    MemoryManagement_Handler                 0x000002ad   Thumb Code     2  arm_startup_nrf52.o(.text)
    BusFault_Handler                         0x000002af   Thumb Code     2  arm_startup_nrf52.o(.text)
    UsageFault_Handler                       0x000002b1   Thumb Code     2  arm_startup_nrf52.o(.text)
    SVC_Handler                              0x000002b3   Thumb Code     2  arm_startup_nrf52.o(.text)
    DebugMon_Handler                         0x000002b5   Thumb Code     2  arm_startup_nrf52.o(.text)
    PendSV_Handler                           0x000002b7   Thumb Code     2  arm_startup_nrf52.o(.text)
    SysTick_Handler                          0x000002b9   Thumb Code     2  arm_startup_nrf52.o(.text)
    CCM_AAR_IRQHandler                       0x000002bb   Thumb Code     0  arm_startup_nrf52.o(.text)
    COMP_LPCOMP_IRQHandler                   0x000002bb   Thumb Code     0  arm_startup_nrf52.o(.text)
    ECB_IRQHandler                           0x000002bb   Thumb Code     0  arm_startup_nrf52.o(.text)
    FPU_IRQHandler                           0x000002bb   Thumb Code     0  arm_startup_nrf52.o(.text)
    GPIOTE_IRQHandler                        0x000002bb   Thumb Code     0  arm_startup_nrf52.o(.text)
    I2S_IRQHandler                           0x000002bb   Thumb Code     0  arm_startup_nrf52.o(.text)
    MWU_IRQHandler                           0x000002bb   Thumb Code     0  arm_startup_nrf52.o(.text)
    NFCT_IRQHandler                          0x000002bb   Thumb Code     0  arm_startup_nrf52.o(.text)
    PDM_IRQHandler                           0x000002bb   Thumb Code     0  arm_startup_nrf52.o(.text)
    POWER_CLOCK_IRQHandler                   0x000002bb   Thumb Code     0  arm_startup_nrf52.o(.text)
    PWM0_IRQHandler                          0x000002bb   Thumb Code     0  arm_startup_nrf52.o(.text)
    PWM1_IRQHandler                          0x000002bb   Thumb Code     0  arm_startup_nrf52.o(.text)
    PWM2_IRQHandler                          0x000002bb   Thumb Code     0  arm_startup_nrf52.o(.text)
    QDEC_IRQHandler                          0x000002bb   Thumb Code     0  arm_startup_nrf52.o(.text)
    RNG_IRQHandler                           0x000002bb   Thumb Code     0  arm_startup_nrf52.o(.text)
    RTC0_IRQHandler                          0x000002bb   Thumb Code     0  arm_startup_nrf52.o(.text)
    RTC1_IRQHandler                          0x000002bb   Thumb Code     0  arm_startup_nrf52.o(.text)
    RTC2_IRQHandler                          0x000002bb   Thumb Code     0  arm_startup_nrf52.o(.text)
    SPIM0_SPIS0_TWIM0_TWIS0_SPI0_TWI0_IRQHandler 0x000002bb   Thumb Code     0  arm_startup_nrf52.o(.text)
    SPIM1_SPIS1_TWIM1_TWIS1_SPI1_TWI1_IRQHandler 0x000002bb   Thumb Code     0  arm_startup_nrf52.o(.text)
    SPIM2_SPIS2_SPI2_IRQHandler              0x000002bb   Thumb Code     0  arm_startup_nrf52.o(.text)
    SWI0_EGU0_IRQHandler                     0x000002bb   Thumb Code     0  arm_startup_nrf52.o(.text)
    SWI1_EGU1_IRQHandler                     0x000002bb   Thumb Code     0  arm_startup_nrf52.o(.text)
    SWI2_EGU2_IRQHandler                     0x000002bb   Thumb Code     0  arm_startup_nrf52.o(.text)
    SWI3_EGU3_IRQHandler                     0x000002bb   Thumb Code     0  arm_startup_nrf52.o(.text)
    SWI4_EGU4_IRQHandler                     0x000002bb   Thumb Code     0  arm_startup_nrf52.o(.text)
    SWI5_EGU5_IRQHandler                     0x000002bb   Thumb Code     0  arm_startup_nrf52.o(.text)
    TEMP_IRQHandler                          0x000002bb   Thumb Code     0  arm_startup_nrf52.o(.text)
    TIMER2_IRQHandler                        0x000002bb   Thumb Code     0  arm_startup_nrf52.o(.text)
    TIMER3_IRQHandler                        0x000002bb   Thumb Code     0  arm_startup_nrf52.o(.text)
    TIMER4_IRQHandler                        0x000002bb   Thumb Code     0  arm_startup_nrf52.o(.text)
    WDT_IRQHandler                           0x000002bb   Thumb Code     0  arm_startup_nrf52.o(.text)
    __user_initial_stackheap                 0x000002bd   Thumb Code    10  arm_startup_nrf52.o(.text)
    __aeabi_memclr                           0x000002e1   Thumb Code     0  rt_memclr.o(.text)
    __rt_memclr                              0x000002e1   Thumb Code    68  rt_memclr.o(.text)
    _memset                                  0x000002e5   Thumb Code     0  rt_memclr.o(.text)
    __use_two_region_memory                  0x00000325   Thumb Code     2  heapauxi.o(.text)
    __rt_heap_escrow$2region                 0x00000327   Thumb Code     2  heapauxi.o(.text)
    __rt_heap_expand$2region                 0x00000329   Thumb Code     2  heapauxi.o(.text)
    __aeabi_memclr4                          0x0000032b   Thumb Code     0  rt_memclr_w.o(.text)
    __aeabi_memclr8                          0x0000032b   Thumb Code     0  rt_memclr_w.o(.text)
    __rt_memclr_w                            0x0000032b   Thumb Code    78  rt_memclr_w.o(.text)
    _memset_w                                0x0000032f   Thumb Code     0  rt_memclr_w.o(.text)
    __user_setup_stackheap                   0x00000379   Thumb Code    74  sys_stackheap_outer.o(.text)
    exit                                     0x000003c3   Thumb Code    18  exit.o(.text)
    __user_libspace                          0x000003d5   Thumb Code     8  libspace.o(.text)
    __user_perproc_libspace                  0x000003d5   Thumb Code     0  libspace.o(.text)
    __user_perthread_libspace                0x000003d5   Thumb Code     0  libspace.o(.text)
    _sys_exit                                0x000003dd   Thumb Code     8  sys_exit.o(.text)
    __I$use$semihosting                      0x000003e9   Thumb Code     0  use_no_semi.o(.text)
    __use_no_semihosting_swi                 0x000003e9   Thumb Code     2  use_no_semi.o(.text)
    __semihosting_library_function           0x000003eb   Thumb Code     0  indicate_semi.o(.text)
    AvailableUARTData                        0x000003ed   Thumb Code    24  uart.o(i.AvailableUARTData)
    ClearRxBuffer                            0x00000409   Thumb Code    14  uart.o(i.ClearRxBuffer)
    ClockInitialization                      0x0000041d   Thumb Code    24  main.o(i.ClockInitialization)
    GPIOInit                                 0x00000439   Thumb Code    64  gpio.o(i.GPIOInit)
    GetWritePosition                         0x00000479   Thumb Code     8  uart.o(i.GetWritePosition)
    RADIO_IRQHandler                         0x00000485   Thumb Code    70  radio.o(i.RADIO_IRQHandler)
    RadioRxCarrier                           0x00000511   Thumb Code    28  radio.o(i.RadioRxCarrier)
    RadioTxCarrier                           0x00000539   Thumb Code    40  radio.o(i.RadioTxCarrier)
    ReadUART                                 0x0000056d   Thumb Code    68  uart.o(i.ReadUART)
    SAADC_IRQHandler                         0x000005b5   Thumb Code   104  adc.o(i.SAADC_IRQHandler)
    SystemCoreClockUpdate                    0x0000062d   Thumb Code     8  system_nrf52.o(i.SystemCoreClockUpdate)
    SystemInit                               0x0000063d   Thumb Code   416  system_nrf52.o(i.SystemInit)
    TIMER0_IRQHandler                        0x00000811   Thumb Code    58  timer.o(i.TIMER0_IRQHandler)
    TIMER1_IRQHandler                        0x00000859   Thumb Code    76  radio.o(i.TIMER1_IRQHandler)
    TransmitUART                             0x000008c1   Thumb Code   102  uart.o(i.TransmitUART)
    UART0Init                                0x00000935   Thumb Code   252  uart.o(i.UART0Init)
    UARTE0_UART0_IRQHandler                  0x00000a51   Thumb Code   182  uart.o(i.UARTE0_UART0_IRQHandler)
    main                                     0x00000b21   Thumb Code  2768  main.o(i.main)
    _fp_init                                 0x00001a77   Thumb Code    10  fpinit.o(x$fpl$fpinit)
    __fplib_config_fpu_vfp                   0x00001a7f   Thumb Code     0  fpinit.o(x$fpl$fpinit)
    __fplib_config_pureend_doubles           0x00001a7f   Thumb Code     0  fpinit.o(x$fpl$fpinit)
    Region$$Table$$Base                      0x00001a80   Number         0  anon$$obj.o(Region$$Table)
    Region$$Table$$Limit                     0x00001aa0   Number         0  anon$$obj.o(Region$$Table)
    cr                                       0x20000000   Data           6  main.o(.data)
    cr_d                                     0x20000006   Data           8  main.o(.data)
    cr_e                                     0x2000000e   Data           8  main.o(.data)
    cr_t                                     0x20000016   Data           8  main.o(.data)
    INFO                                     0x2000001e   Data           7  main.o(.data)
    DIST                                     0x20000028   Data           4  main.o(.data)
    ELEV_ANG                                 0x2000002c   Data           4  main.o(.data)
    TILT_ANG                                 0x20000030   Data           4  main.o(.data)
    D_cnt                                    0x20000034   Data           4  main.o(.data)
    E_cnt                                    0x20000038   Data           4  main.o(.data)
    T_cnt                                    0x2000003c   Data           4  main.o(.data)
    flag                                     0x20000040   Data           1  main.o(.data)
    tmoutCnt                                 0x20000044   Data           4  main.o(.data)
    rxCounter                                0x20000048   Data           2  main.o(.data)
    state                                    0x2000004a   Data           1  main.o(.data)
    timerFlag                                0x2000004b   Data           1  timer.o(.data)
    txState                                  0x20000055   Data           1  uart.o(.data)
    SystemCoreClock                          0x20000058   Data           4  system_nrf52.o(.data)
    txBuffer                                 0x2000005c   Data         100  main.o(.bss)
    cr_0                                     0x200000c0   Data           9  main.o(.bss)
    cr_all                                   0x200000c9   Data          28  main.o(.bss)
    rxFIFO                                   0x200000e6   Data         204  uart.o(.bss)
    txFIFO                                   0x200001b2   Data         204  uart.o(.bss)
    BufferADC1                               0x2000027e   Data         400  adc.o(.bss)
    BufferADC2                               0x2000040e   Data         400  adc.o(.bss)
    __libspace_start                         0x200005a0   Data          96  libspace.o(.bss)
    __temporary_stack_top$libspace           0x20000600   Data           0  libspace.o(.bss)



==============================================================================

Memory Map of the image

  Image Entry point : 0x00000201

  Load Region LR_IROM1 (Base: 0x00000000, Size: 0x00001afc, Max: 0x00080000, ABSOLUTE)

    Execution Region ER_IROM1 (Exec base: 0x00000000, Load base: 0x00000000, Size: 0x00001aa0, Max: 0x00080000, ABSOLUTE)

    Exec Addr    Load Addr    Size         Type   Attr      Idx    E Section Name        Object

    0x00000000   0x00000000   0x00000200   Data   RO         2535    RESET               arm_startup_nrf52.o
    0x00000200   0x00000200   0x00000008   Code   RO         4598  * !!!main             c_w.l(__main.o)
    0x00000208   0x00000208   0x00000034   Code   RO         4757    !!!scatter          c_w.l(__scatter.o)
    0x0000023c   0x0000023c   0x0000001a   Code   RO         4759    !!handler_copy      c_w.l(__scatter_copy.o)
    0x00000256   0x00000256   0x00000002   PAD
    0x00000258   0x00000258   0x0000001c   Code   RO         4761    !!handler_zi        c_w.l(__scatter_zi.o)
    0x00000274   0x00000274   0x00000002   Code   RO         4627    .ARM.Collect$$libinit$$00000000  c_w.l(libinit.o)
    0x00000276   0x00000276   0x00000004   Code   RO         4633    .ARM.Collect$$libinit$$00000001  c_w.l(libinit2.o)
    0x0000027a   0x0000027a   0x00000000   Code   RO         4636    .ARM.Collect$$libinit$$00000004  c_w.l(libinit2.o)
    0x0000027a   0x0000027a   0x00000000   Code   RO         4639    .ARM.Collect$$libinit$$0000000A  c_w.l(libinit2.o)
    0x0000027a   0x0000027a   0x00000000   Code   RO         4641    .ARM.Collect$$libinit$$0000000C  c_w.l(libinit2.o)
    0x0000027a   0x0000027a   0x00000000   Code   RO         4643    .ARM.Collect$$libinit$$0000000E  c_w.l(libinit2.o)
    0x0000027a   0x0000027a   0x00000000   Code   RO         4646    .ARM.Collect$$libinit$$00000011  c_w.l(libinit2.o)
    0x0000027a   0x0000027a   0x00000000   Code   RO         4648    .ARM.Collect$$libinit$$00000013  c_w.l(libinit2.o)
    0x0000027a   0x0000027a   0x00000000   Code   RO         4650    .ARM.Collect$$libinit$$00000015  c_w.l(libinit2.o)
    0x0000027a   0x0000027a   0x00000000   Code   RO         4652    .ARM.Collect$$libinit$$00000017  c_w.l(libinit2.o)
    0x0000027a   0x0000027a   0x00000000   Code   RO         4654    .ARM.Collect$$libinit$$00000019  c_w.l(libinit2.o)
    0x0000027a   0x0000027a   0x00000000   Code   RO         4656    .ARM.Collect$$libinit$$0000001B  c_w.l(libinit2.o)
    0x0000027a   0x0000027a   0x00000000   Code   RO         4658    .ARM.Collect$$libinit$$0000001D  c_w.l(libinit2.o)
    0x0000027a   0x0000027a   0x00000000   Code   RO         4660    .ARM.Collect$$libinit$$0000001F  c_w.l(libinit2.o)
    0x0000027a   0x0000027a   0x00000000   Code   RO         4662    .ARM.Collect$$libinit$$00000021  c_w.l(libinit2.o)
    0x0000027a   0x0000027a   0x00000000   Code   RO         4664    .ARM.Collect$$libinit$$00000023  c_w.l(libinit2.o)
    0x0000027a   0x0000027a   0x00000000   Code   RO         4666    .ARM.Collect$$libinit$$00000025  c_w.l(libinit2.o)
    0x0000027a   0x0000027a   0x00000000   Code   RO         4670    .ARM.Collect$$libinit$$0000002C  c_w.l(libinit2.o)
    0x0000027a   0x0000027a   0x00000000   Code   RO         4672    .ARM.Collect$$libinit$$0000002E  c_w.l(libinit2.o)
    0x0000027a   0x0000027a   0x00000000   Code   RO         4674    .ARM.Collect$$libinit$$00000030  c_w.l(libinit2.o)
    0x0000027a   0x0000027a   0x00000000   Code   RO         4676    .ARM.Collect$$libinit$$00000032  c_w.l(libinit2.o)
    0x0000027a   0x0000027a   0x00000002   Code   RO         4677    .ARM.Collect$$libinit$$00000033  c_w.l(libinit2.o)
    0x0000027c   0x0000027c   0x00000002   Code   RO         4697    .ARM.Collect$$libshutdown$$00000000  c_w.l(libshutdown.o)
    0x0000027e   0x0000027e   0x00000000   Code   RO         4710    .ARM.Collect$$libshutdown$$00000002  c_w.l(libshutdown2.o)
    0x0000027e   0x0000027e   0x00000000   Code   RO         4712    .ARM.Collect$$libshutdown$$00000004  c_w.l(libshutdown2.o)
    0x0000027e   0x0000027e   0x00000000   Code   RO         4715    .ARM.Collect$$libshutdown$$00000007  c_w.l(libshutdown2.o)
    0x0000027e   0x0000027e   0x00000000   Code   RO         4718    .ARM.Collect$$libshutdown$$0000000A  c_w.l(libshutdown2.o)
    0x0000027e   0x0000027e   0x00000000   Code   RO         4720    .ARM.Collect$$libshutdown$$0000000C  c_w.l(libshutdown2.o)
    0x0000027e   0x0000027e   0x00000000   Code   RO         4723    .ARM.Collect$$libshutdown$$0000000F  c_w.l(libshutdown2.o)
    0x0000027e   0x0000027e   0x00000002   Code   RO         4724    .ARM.Collect$$libshutdown$$00000010  c_w.l(libshutdown2.o)
    0x00000280   0x00000280   0x00000000   Code   RO         4600    .ARM.Collect$$rtentry$$00000000  c_w.l(__rtentry.o)
    0x00000280   0x00000280   0x00000000   Code   RO         4604    .ARM.Collect$$rtentry$$00000002  c_w.l(__rtentry2.o)
    0x00000280   0x00000280   0x00000006   Code   RO         4616    .ARM.Collect$$rtentry$$00000004  c_w.l(__rtentry4.o)
    0x00000286   0x00000286   0x00000000   Code   RO         4606    .ARM.Collect$$rtentry$$00000009  c_w.l(__rtentry2.o)
    0x00000286   0x00000286   0x00000004   Code   RO         4607    .ARM.Collect$$rtentry$$0000000A  c_w.l(__rtentry2.o)
    0x0000028a   0x0000028a   0x00000000   Code   RO         4609    .ARM.Collect$$rtentry$$0000000C  c_w.l(__rtentry2.o)
    0x0000028a   0x0000028a   0x00000008   Code   RO         4610    .ARM.Collect$$rtentry$$0000000D  c_w.l(__rtentry2.o)
    0x00000292   0x00000292   0x00000002   Code   RO         4631    .ARM.Collect$$rtexit$$00000000  c_w.l(rtexit.o)
    0x00000294   0x00000294   0x00000000   Code   RO         4679    .ARM.Collect$$rtexit$$00000002  c_w.l(rtexit2.o)
    0x00000294   0x00000294   0x00000004   Code   RO         4680    .ARM.Collect$$rtexit$$00000003  c_w.l(rtexit2.o)
    0x00000298   0x00000298   0x00000006   Code   RO         4681    .ARM.Collect$$rtexit$$00000004  c_w.l(rtexit2.o)
    0x0000029e   0x0000029e   0x00000002   PAD
    0x000002a0   0x000002a0   0x00000040   Code   RO         2536    .text               arm_startup_nrf52.o
    0x000002e0   0x000002e0   0x00000044   Code   RO         4594    .text               c_w.l(rt_memclr.o)
    0x00000324   0x00000324   0x00000006   Code   RO         4596    .text               c_w.l(heapauxi.o)
    0x0000032a   0x0000032a   0x0000004e   Code   RO         4601    .text               c_w.l(rt_memclr_w.o)
    0x00000378   0x00000378   0x0000004a   Code   RO         4618    .text               c_w.l(sys_stackheap_outer.o)
    0x000003c2   0x000003c2   0x00000012   Code   RO         4620    .text               c_w.l(exit.o)
    0x000003d4   0x000003d4   0x00000008   Code   RO         4628    .text               c_w.l(libspace.o)
    0x000003dc   0x000003dc   0x0000000c   Code   RO         4689    .text               c_w.l(sys_exit.o)
    0x000003e8   0x000003e8   0x00000002   Code   RO         4700    .text               c_w.l(use_no_semi.o)
    0x000003ea   0x000003ea   0x00000000   Code   RO         4702    .text               c_w.l(indicate_semi.o)
    0x000003ea   0x000003ea   0x00000002   PAD
    0x000003ec   0x000003ec   0x0000001c   Code   RO         2297    i.AvailableUARTData  uart.o
    0x00000408   0x00000408   0x00000014   Code   RO         2298    i.ClearRxBuffer     uart.o
    0x0000041c   0x0000041c   0x0000001c   Code   RO            4    i.ClockInitialization  main.o
    0x00000438   0x00000438   0x00000040   Code   RO          114    i.GPIOInit          gpio.o
    0x00000478   0x00000478   0x0000000c   Code   RO         2300    i.GetWritePosition  uart.o
    0x00000484   0x00000484   0x0000005c   Code   RO         2145    i.RADIO_IRQHandler  radio.o
    0x000004e0   0x000004e0   0x00000030   Code   RO         2146    i.RadioDisable      radio.o
    0x00000510   0x00000510   0x00000028   Code   RO         2149    i.RadioRxCarrier    radio.o
    0x00000538   0x00000538   0x00000034   Code   RO         2152    i.RadioTxCarrier    radio.o
    0x0000056c   0x0000056c   0x00000048   Code   RO         2301    i.ReadUART          uart.o
    0x000005b4   0x000005b4   0x00000078   Code   RO         2473    i.SAADC_IRQHandler  adc.o
    0x0000062c   0x0000062c   0x00000010   Code   RO         2543    i.SystemCoreClockUpdate  system_nrf52.o
    0x0000063c   0x0000063c   0x000001d4   Code   RO         2544    i.SystemInit        system_nrf52.o
    0x00000810   0x00000810   0x00000048   Code   RO         2073    i.TIMER0_IRQHandler  timer.o
    0x00000858   0x00000858   0x00000068   Code   RO         2156    i.TIMER1_IRQHandler  radio.o
    0x000008c0   0x000008c0   0x00000074   Code   RO         2302    i.TransmitUART      uart.o
    0x00000934   0x00000934   0x0000011c   Code   RO         2303    i.UART0Init         uart.o
    0x00000a50   0x00000a50   0x000000d0   Code   RO         2304    i.UARTE0_UART0_IRQHandler  uart.o
    0x00000b20   0x00000b20   0x00000afc   Code   RO            5    i.main              main.o
    0x0000161c   0x0000161c   0x0000005c   Code   RO         2631    i.nrf52_errata_108  system_nrf52.o
    0x00001678   0x00001678   0x0000005c   Code   RO         2643    i.nrf52_errata_12   system_nrf52.o
    0x000016d4   0x000016d4   0x0000005c   Code   RO         2654    i.nrf52_errata_136  system_nrf52.o
    0x00001730   0x00001730   0x00000040   Code   RO         2673    i.nrf52_errata_16   system_nrf52.o
    0x00001770   0x00001770   0x00000040   Code   RO         2690    i.nrf52_errata_182  system_nrf52.o
    0x000017b0   0x000017b0   0x0000005c   Code   RO         2751    i.nrf52_errata_31   system_nrf52.o
    0x0000180c   0x0000180c   0x00000040   Code   RO         2752    i.nrf52_errata_32   system_nrf52.o
    0x0000184c   0x0000184c   0x0000005c   Code   RO         2756    i.nrf52_errata_36   system_nrf52.o
    0x000018a8   0x000018a8   0x00000040   Code   RO         2757    i.nrf52_errata_37   system_nrf52.o
    0x000018e8   0x000018e8   0x00000040   Code   RO         2773    i.nrf52_errata_57   system_nrf52.o
    0x00001928   0x00001928   0x0000005c   Code   RO         2779    i.nrf52_errata_66   system_nrf52.o
    0x00001984   0x00001984   0x00000024   Code   RO          497    i.nrf_gpio_cfg      gpio.o
    0x000019a8   0x000019a8   0x00000024   Code   RO         2305    i.nrf_gpio_cfg      uart.o
    0x000019cc   0x000019cc   0x00000014   Code   RO            6    i.nrf_gpio_pin_read  main.o
    0x000019e0   0x000019e0   0x00000028   Code   RO            7    i.nrf_gpio_pin_write  main.o
    0x00001a08   0x00001a08   0x00000010   Code   RO         2474    i.nrf_saadc_buffer_init  adc.o
    0x00001a18   0x00001a18   0x00000014   Code   RO         2475    i.nrf_saadc_event_check  adc.o
    0x00001a2c   0x00001a2c   0x0000000c   Code   RO         2476    i.nrf_saadc_event_clear  adc.o
    0x00001a38   0x00001a38   0x00000018   Code   RO         2477    i.nrf_saadc_int_enable_check  adc.o
    0x00001a50   0x00001a50   0x00000006   Code   RO         2075    i.nrf_timer_event_clear  timer.o
    0x00001a56   0x00001a56   0x0000000e   Code   RO         2306    i.nrf_uart_event_check  uart.o
    0x00001a64   0x00001a64   0x00000006   Code   RO         2307    i.nrf_uart_event_clear  uart.o
    0x00001a6a   0x00001a6a   0x00000006   Code   RO         2308    i.nrf_uart_task_trigger  uart.o
    0x00001a70   0x00001a70   0x00000006   Code   RO         2309    i.nrf_uart_txd_set  uart.o
    0x00001a76   0x00001a76   0x0000000a   Code   RO         4687    x$fpl$fpinit        fz_wm.l(fpinit.o)
    0x00001a80   0x00001a80   0x00000020   Data   RO         4755    Region$$Table       anon$$obj.o


    Execution Region RW_IRAM1 (Exec base: 0x20000000, Load base: 0x00001aa0, Size: 0x00002600, Max: 0x00010000, ABSOLUTE)

    Exec Addr    Load Addr    Size         Type   Attr      Idx    E Section Name        Object

    0x20000000   0x00001aa0   0x0000004b   Data   RW            9    .data               main.o
    0x2000004b   0x00001aeb   0x00000001   Data   RW         2076    .data               timer.o
    0x2000004c   0x00001aec   0x00000009   Data   RW         2166    .data               radio.o
    0x20000055   0x00001af5   0x00000001   Data   RW         2311    .data               uart.o
    0x20000056   0x00001af6   0x00000001   Data   RW         2480    .data               adc.o
    0x20000057   0x00001af7   0x00000001   PAD
    0x20000058   0x00001af8   0x00000004   Data   RW         2925    .data               system_nrf52.o
    0x2000005c        -       0x00000089   Zero   RW            8    .bss                main.o
    0x200000e5   0x00001afc   0x00000001   PAD
    0x200000e6        -       0x00000198   Zero   RW         2310    .bss                uart.o
    0x2000027e        -       0x00000320   Zero   RW         2478    .bss                adc.o
    0x2000059e   0x00001afc   0x00000002   PAD
    0x200005a0        -       0x00000060   Zero   RW         4629    .bss                c_w.l(libspace.o)
    0x20000600        -       0x00001000   Zero   RW         2534    HEAP                arm_startup_nrf52.o
    0x20001600        -       0x00001000   Zero   RW         2533    STACK               arm_startup_nrf52.o


==============================================================================

Image component sizes


      Code (inc. data)   RO Data    RW Data    ZI Data      Debug   Object Name

       192         36          0          1        800       8409   adc.o
        64         26        512          0       8192        908   arm_startup_nrf52.o
       100          6          0          0          0       4515   gpio.o
      2900        168          0         75        137      42038   main.o
       336         84          0          9          0       3457   radio.o
      1356        142          0          4          0       9139   system_nrf52.o
        78         14          0          1          0      35383   timer.o
       808         96          0          1        408      14507   uart.o

    ----------------------------------------------------------------------
      5834        572        544         92       9540     118356   Object Totals
         0          0         32          0          0          0   (incl. Generated)
         0          0          0          1          3          0   (incl. Padding)

    ----------------------------------------------------------------------

      Code (inc. data)   RO Data    RW Data    ZI Data      Debug   Library Member Name

         8          0          0          0          0         68   __main.o
         0          0          0          0          0          0   __rtentry.o
        12          0          0          0          0          0   __rtentry2.o
         6          0          0          0          0          0   __rtentry4.o
        52          8          0          0          0          0   __scatter.o
        26          0          0          0          0          0   __scatter_copy.o
        28          0          0          0          0          0   __scatter_zi.o
        18          0          0          0          0         80   exit.o
         6          0          0          0          0        152   heapauxi.o
         0          0          0          0          0          0   indicate_semi.o
         2          0          0          0          0          0   libinit.o
         6          0          0          0          0          0   libinit2.o
         2          0          0          0          0          0   libshutdown.o
         2          0          0          0          0          0   libshutdown2.o
         8          4          0          0         96         68   libspace.o
        68          0          0          0          0         68   rt_memclr.o
        78          0          0          0          0         80   rt_memclr_w.o
         2          0          0          0          0          0   rtexit.o
        10          0          0          0          0          0   rtexit2.o
        12          4          0          0          0         68   sys_exit.o
        74          0          0          0          0         80   sys_stackheap_outer.o
         2          0          0          0          0         68   use_no_semi.o
        10          0          0          0          0        116   fpinit.o

    ----------------------------------------------------------------------
       438         16          0          0         96        848   Library Totals
         6          0          0          0          0          0   (incl. Padding)

    ----------------------------------------------------------------------

      Code (inc. data)   RO Data    RW Data    ZI Data      Debug   Library Name

       422         16          0          0         96        732   c_w.l
        10          0          0          0          0        116   fz_wm.l

    ----------------------------------------------------------------------
       438         16          0          0         96        848   Library Totals

    ----------------------------------------------------------------------

==============================================================================


      Code (inc. data)   RO Data    RW Data    ZI Data      Debug   

      6272        588        544         92       9636     115044   Grand Totals
      6272        588        544         92       9636     115044   ELF Image Totals
      6272        588        544         92          0          0   ROM Totals

==============================================================================

    Total RO  Size (Code + RO Data)                 6816 (   6.66kB)
    Total RW  Size (RW Data + ZI Data)              9728 (   9.50kB)
    Total ROM Size (Code + RO Data + RW Data)       6908 (   6.75kB)

==============================================================================

